******************************************************************************
                  MSP430 Linker PC v16.9.0                     
******************************************************************************
>> Linked Thu May 25 15:27:02 2017

OUTPUT FILE NAME:   <APS02_04_PWM_Seno.out>
ENTRY POINT SYMBOL: "_c_int00_noargs_noexit"  address: 0000d1a2


MEMORY CONFIGURATION

         name            origin    length      used     unused   attr    fill
----------------------  --------  ---------  --------  --------  ----  --------
  SFR                   00000000   00000010  00000000  00000010  RWIX
  PERIPHERALS_8BIT      00000010   000000f0  00000000  000000f0  RWIX
  PERIPHERALS_16BIT     00000100   00000100  00000000  00000100  RWIX
  RAM                   00000200   00000200  00000159  000000a7  RWIX
  INFOD                 00001000   00000040  00000000  00000040  RWIX
  INFOC                 00001040   00000040  00000000  00000040  RWIX
  INFOB                 00001080   00000040  00000000  00000040  RWIX
  INFOA                 000010c0   00000040  00000000  00000040  RWIX
  FLASH                 0000c000   00003fde  0000129e  00002d40  RWIX
  BSLSIGNATURE          0000ffde   00000002  00000002  00000000  RWIX  ffff 
  INT00                 0000ffe0   00000002  00000002  00000000  RWIX
  INT01                 0000ffe2   00000002  00000000  00000002  RWIX
  INT02                 0000ffe4   00000002  00000002  00000000  RWIX
  INT03                 0000ffe6   00000002  00000002  00000000  RWIX
  INT04                 0000ffe8   00000002  00000000  00000002  RWIX
  INT05                 0000ffea   00000002  00000002  00000000  RWIX
  INT06                 0000ffec   00000002  00000002  00000000  RWIX
  INT07                 0000ffee   00000002  00000002  00000000  RWIX
  INT08                 0000fff0   00000002  00000002  00000000  RWIX
  INT09                 0000fff2   00000002  00000002  00000000  RWIX
  INT10                 0000fff4   00000002  00000002  00000000  RWIX
  INT11                 0000fff6   00000002  00000002  00000000  RWIX
  INT12                 0000fff8   00000002  00000002  00000000  RWIX
  INT13                 0000fffa   00000002  00000002  00000000  RWIX
  INT14                 0000fffc   00000002  00000002  00000000  RWIX
  RESET                 0000fffe   00000002  00000002  00000000  RWIX


SECTION ALLOCATION MAP

 output                                  attributes/
section   page    origin      length       input sections
--------  ----  ----------  ----------   ----------------
.bss       0    00000200    00000104     UNINITIALIZED
                  00000200    00000100     (.common:vet)
                  00000300    00000004     (.common:aux)

.data      0    00000304    00000005     UNINITIALIZED
                  00000304    00000005     main.obj (.data)

.stack     0    000003b0    00000050     UNINITIALIZED
                  000003b0    00000002     rts430_eabi.lib : boot.obj (.stack)
                  000003b2    0000004e     --HOLE--

.text      0    0000c000    00001282     
                  0000c000    000002f6     main.obj (.text:ini_vet)
                  0000c2f6    000002e8     rts430_eabi.lib : addd.obj (.text:__mspabi_addd)
                  0000c5de    00000260                     : frcaddd.obj (.text:__TI_frcaddd)
                  0000c83e    00000132                     : fs_add.obj (.text)
                  0000c970    000000d0     main.obj (.text:RTI_TimerA1_Deb)
                  0000ca40    000000c4     rts430_eabi.lib : fs_mpy.obj (.text)
                  0000cb04    000000be                     : renormd.obj (.text:__TI_renormd)
                  0000cbc2    0000008c                     : cvtdf.obj (.text:__mspabi_cvtdf)
                  0000cc4e    0000007c     main.obj (.text:RTI_TimerA0_PWM)
                  0000ccca    0000007c     rts430_eabi.lib : copy_decompress_lzss.obj (.text:decompress:lzss:__TI_decompress_lzss)
                  0000cd46    00000072                     : cvtfd.obj (.text:__mspabi_cvtfd)
                  0000cdb8    0000006e                     : autoinit.obj (.text:_auto_init)
                  0000ce26    0000005c                     : lsr32.obj (.text:l_lsr_const)
                  0000ce82    0000005a                     : cpy_tbl.obj (.text:copy_in)
                  0000cedc    00000056     main.obj (.text:ini_TimerA0_PWM)
                  0000cf32    0000004c     rts430_eabi.lib : fs_toul.obj (.text)
                  0000cf7e    0000004c                     : lsr16.obj (.text)
                  0000cfca    0000004a                     : fs_cmp.obj (.text)
                  0000d014    0000003e                     : asr32.obj (.text:l_asr_const)
                  0000d052    0000003e                     : lsl32.obj (.text:l_lsl_const)
                  0000d090    0000002e                     : subd.obj (.text:__mspabi_subd)
                  0000d0be    0000002c     main.obj (.text:ini_P1_P2)
                  0000d0ea    0000002c     rts430_eabi.lib : asr16.obj (.text)
                  0000d116    0000002c                     : lsl16.obj (.text)
                  0000d142    00000024                     : fs_utof.obj (.text)
                  0000d166    00000020     main.obj (.text:uCon)
                  0000d186    0000001c     main.obj (.text:main)
                  0000d1a2    0000001a     rts430_eabi.lib : boot_special.obj (.text:_c_int00_noargs_noexit)
                  0000d1bc    00000014                     : copy_zero_init.obj (.text:decompress:ZI:__TI_zero_init)
                  0000d1d0    00000014     main.obj (.text:ini_TimerA1_Deb)
                  0000d1e4    00000014     rts430_eabi.lib : mult16.obj (.text)
                  0000d1f8    00000012                     : copy_decompress_none.obj (.text:decompress:none:__TI_decompress_none)
                  0000d20a    00000012                     : lsr32.obj (.text:l_lsr)
                  0000d21c    00000012                     : memcpy.obj (.text:memcpy)
                  0000d22e    00000010     main.obj (.text:RTI_P1)
                  0000d23e    00000010     rts430_eabi.lib : asr32.obj (.text:l_asr)
                  0000d24e    00000010                     : lsl32.obj (.text:l_lsl)
                  0000d25e    00000010                     : epilog.obj (.text)
                  0000d26e    00000008                     : isr_trap.obj (.text:_isr:__TI_ISR_TRAP)
                  0000d276    00000006                     : exit.obj (.text:abort)
                  0000d27c    00000004                     : pre_init.obj (.text:_system_pre_init)
                  0000d280    00000002                     : startup.obj (.text:_system_post_cinit)

.cinit     0    0000d282    0000001c     
                  0000d282    00000009     (.cinit..data.load) [load image]
                  0000d28b    00000001     --HOLE-- [fill = 0]
                  0000d28c    00000006     (__TI_handler_table)
                  0000d292    00000004     (.cinit..bss.load) [load image, compression = zero_init]
                  0000d296    00000008     (__TI_cinit_table)

.binit     0    0000c000    00000000     

.init_array 
*          0    0000c000    00000000     UNINITIALIZED

TRAPINT    0    0000ffe0    00000002     
                  0000ffe0    00000002     rts430_eabi.lib : int00.obj (.int00)

$fill000   0    0000ffde    00000002     
                  0000ffde    00000002     --HOLE-- [fill = ffff]

PORT1      0    0000ffe4    00000002     
                  0000ffe4    00000002     main.obj (.int02)

PORT2      0    0000ffe6    00000002     
                  0000ffe6    00000002     rts430_eabi.lib : int03.obj (.int03)

ADC10      0    0000ffea    00000002     
                  0000ffea    00000002     rts430_eabi.lib : int05.obj (.int05)

USCIAB0TX 
*          0    0000ffec    00000002     
                  0000ffec    00000002     rts430_eabi.lib : int06.obj (.int06)

USCIAB0RX 
*          0    0000ffee    00000002     
                  0000ffee    00000002     rts430_eabi.lib : int07.obj (.int07)

TIMER0_A1 
*          0    0000fff0    00000002     
                  0000fff0    00000002     rts430_eabi.lib : int08.obj (.int08)

TIMER0_A0 
*          0    0000fff2    00000002     
                  0000fff2    00000002     main.obj (.int09)

WDT        0    0000fff4    00000002     
                  0000fff4    00000002     rts430_eabi.lib : int10.obj (.int10)

COMPARATORA 
*          0    0000fff6    00000002     
                  0000fff6    00000002     rts430_eabi.lib : int11.obj (.int11)

TIMER1_A1 
*          0    0000fff8    00000002     
                  0000fff8    00000002     rts430_eabi.lib : int12.obj (.int12)

TIMER1_A0 
*          0    0000fffa    00000002     
                  0000fffa    00000002     main.obj (.int13)

NMI        0    0000fffc    00000002     
                  0000fffc    00000002     rts430_eabi.lib : int14.obj (.int14)

.reset     0    0000fffe    00000002     
                  0000fffe    00000002     rts430_eabi.lib : boot.obj (.reset)

MODULE SUMMARY

       Module                     code   ro data   rw data
       ------                     ----   -------   -------
    .\
       main.obj                   1316   6         265    
    +--+--------------------------+------+---------+---------+
       Total:                     1316   6         265    
                                                          
    C:\ti\ccsv7\tools\compiler\ti-cgt-msp430_16.9.0.LTS\lib\rts430_eabi.lib
       addd.obj                   744    0         0      
       frcaddd.obj                608    0         0      
       fs_add.obj                 306    0         0      
       fs_mpy.obj                 196    0         0      
       renormd.obj                190    0         0      
       cvtdf.obj                  140    0         0      
       copy_decompress_lzss.obj   124    0         0      
       cvtfd.obj                  114    0         0      
       autoinit.obj               110    0         0      
       lsr32.obj                  110    0         0      
       cpy_tbl.obj                90     0         0      
       asr32.obj                  78     0         0      
       lsl32.obj                  78     0         0      
       fs_toul.obj                76     0         0      
       lsr16.obj                  76     0         0      
       fs_cmp.obj                 74     0         0      
       subd.obj                   46     0         0      
       asr16.obj                  44     0         0      
       lsl16.obj                  44     0         0      
       fs_utof.obj                36     0         0      
       boot_special.obj           26     0         0      
       copy_zero_init.obj         20     0         0      
       mult16.obj                 20     0         0      
       copy_decompress_none.obj   18     0         0      
       memcpy.obj                 18     0         0      
       epilog.obj                 16     0         0      
       isr_trap.obj               8      0         0      
       exit.obj                   6      0         0      
       pre_init.obj               4      0         0      
       boot.obj                   0      2         0      
       int00.obj                  0      2         0      
       int03.obj                  0      2         0      
       int05.obj                  0      2         0      
       int06.obj                  0      2         0      
       int07.obj                  0      2         0      
       int08.obj                  0      2         0      
       int10.obj                  0      2         0      
       int11.obj                  0      2         0      
       int12.obj                  0      2         0      
       int14.obj                  0      2         0      
       startup.obj                2      0         0      
    +--+--------------------------+------+---------+---------+
       Total:                     3422   22        0      
                                                          
       Stack:                     0      0         80     
       Linker Generated:          0      27        0      
    +--+--------------------------+------+---------+---------+
       Grand Total:               4738   55        345    


LINKER GENERATED COPY TABLES

__TI_cinit_table @ 0000d296 records: 2, size/record: 4, table size: 8
	.data: load addr=0000d282, load size=00000009 bytes, run addr=00000304, run size=00000005 bytes, compression=copy
	.bss: load addr=0000d292, load size=00000004 bytes, run addr=00000200, run size=00000104 bytes, compression=zero_init


LINKER GENERATED HANDLER TABLE

__TI_handler_table @ 0000d28c records: 3, size/record: 2, table size: 6
	index: 0, handler: __TI_zero_init
	index: 1, handler: __TI_decompress_lzss
	index: 2, handler: __TI_decompress_none


GLOBAL SYMBOLS: SORTED ALPHABETICALLY BY Name 

address   name                    
-------   ----                    
0000004a  ADC10AE0                
000001b0  ADC10CTL0               
000001b2  ADC10CTL1               
00000048  ADC10DTC0               
00000049  ADC10DTC1               
000001b4  ADC10MEM                
000001bc  ADC10SA                 
00000057  BCSCTL1                 
00000058  BCSCTL2                 
00000053  BCSCTL3                 
0000d276  C$$EXIT                 
00000059  CACTL1                  
0000005a  CACTL2                  
000010fb  CALBC1_12MHZ            
000010f9  CALBC1_16MHZ            
000010ff  CALBC1_1MHZ             
000010fd  CALBC1_8MHZ             
000010fa  CALDCO_12MHZ            
000010f8  CALDCO_16MHZ            
000010fe  CALDCO_1MHZ             
000010fc  CALDCO_8MHZ             
0000005b  CAPD                    
00000056  DCOCTL                  
00000128  FCTL1                   
0000012a  FCTL2                   
0000012c  FCTL3                   
00000000  IE1                     
00000001  IE2                     
00000002  IFG1                    
00000003  IFG2                    
00000022  P1DIR                   
00000025  P1IE                    
00000024  P1IES                   
00000023  P1IFG                   
00000020  P1IN                    
00000021  P1OUT                   
00000027  P1REN                   
00000026  P1SEL                   
00000041  P1SEL2                  
0000002a  P2DIR                   
0000002d  P2IE                    
0000002c  P2IES                   
0000002b  P2IFG                   
00000028  P2IN                    
00000029  P2OUT                   
0000002f  P2REN                   
0000002e  P2SEL                   
00000042  P2SEL2                  
0000001a  P3DIR                   
00000018  P3IN                    
00000019  P3OUT                   
00000010  P3REN                   
0000001b  P3SEL                   
00000043  P3SEL2                  
0000d22e  RTI_P1                  
0000cc4e  RTI_TimerA0_PWM         
0000c970  RTI_TimerA1_Deb         
00000172  TA0CCR0                 
00000174  TA0CCR1                 
00000176  TA0CCR2                 
00000162  TA0CCTL0                
00000164  TA0CCTL1                
00000166  TA0CCTL2                
00000160  TA0CTL                  
0000012e  TA0IV                   
00000170  TA0R                    
00000192  TA1CCR0                 
00000194  TA1CCR1                 
00000196  TA1CCR2                 
00000182  TA1CCTL0                
00000184  TA1CCTL1                
00000186  TA1CCTL2                
00000180  TA1CTL                  
0000011e  TA1IV                   
00000190  TA1R                    
000010db  TLV_ADC10_1_LEN         
000010da  TLV_ADC10_1_TAG         
000010c0  TLV_CHECKSUM            
000010f7  TLV_DCO_30_LEN          
000010f6  TLV_DCO_30_TAG          
0000005d  UCA0ABCTL               
00000062  UCA0BR0                 
00000063  UCA0BR1                 
00000060  UCA0CTL0                
00000061  UCA0CTL1                
0000005f  UCA0IRRCTL              
0000005e  UCA0IRTCTL              
00000064  UCA0MCTL                
00000066  UCA0RXBUF               
00000065  UCA0STAT                
00000067  UCA0TXBUF               
0000006a  UCB0BR0                 
0000006b  UCB0BR1                 
00000068  UCB0CTL0                
00000069  UCB0CTL1                
0000006c  UCB0I2CIE               
00000118  UCB0I2COA               
0000011a  UCB0I2CSA               
0000006e  UCB0RXBUF               
0000006d  UCB0STAT                
0000006f  UCB0TXBUF               
00000120  WDTCTL                  
00000400  __STACK_END             
00000050  __STACK_SIZE            
UNDEFED   __TI_BINIT_Base         
UNDEFED   __TI_BINIT_Limit        
0000d296  __TI_CINIT_Base         
0000d29e  __TI_CINIT_Limit        
0000d28c  __TI_Handler_Table_Base 
0000d292  __TI_Handler_Table_Limit
UNDEFED   __TI_INITARRAY_Base     
UNDEFED   __TI_INITARRAY_Limit    
0000d26e  __TI_ISR_TRAP           
0000ccca  __TI_decompress_lzss    
0000d1f8  __TI_decompress_none    
0000c5de  __TI_frcaddd            
0000ffe0  __TI_int00              
0000ffe4  __TI_int02              
0000ffe6  __TI_int03              
0000ffea  __TI_int05              
0000ffec  __TI_int06              
0000ffee  __TI_int07              
0000fff0  __TI_int08              
0000fff2  __TI_int09              
0000fff4  __TI_int10              
0000fff6  __TI_int11              
0000fff8  __TI_int12              
0000fffa  __TI_int13              
0000fffc  __TI_int14              
ffffffff  __TI_pprof_out_hndl     
ffffffff  __TI_prof_data_size     
ffffffff  __TI_prof_data_start    
0000cb04  __TI_renormd            
0000d1bc  __TI_zero_init          
ffffffff  __c_args__              
0000c2f6  __mspabi_addd           
0000c844  __mspabi_addf           
0000cfca  __mspabi_cmpf           
0000cbc2  __mspabi_cvtdf          
0000cd46  __mspabi_cvtfd          
0000cf32  __mspabi_fixful         
0000d142  __mspabi_fltuf          
0000d26a  __mspabi_func_epilog_1  
0000d268  __mspabi_func_epilog_2  
0000d266  __mspabi_func_epilog_3  
0000d264  __mspabi_func_epilog_4  
0000d262  __mspabi_func_epilog_5  
0000d260  __mspabi_func_epilog_6  
0000d25e  __mspabi_func_epilog_7  
0000ca40  __mspabi_mpyf           
0000d1e4  __mspabi_mpyi           
0000d1e4  __mspabi_mpyi_sw        
0000d116  __mspabi_slli           
0000d13e  __mspabi_slli_1         
0000d12c  __mspabi_slli_10        
0000d12a  __mspabi_slli_11        
0000d128  __mspabi_slli_12        
0000d126  __mspabi_slli_13        
0000d124  __mspabi_slli_14        
0000d122  __mspabi_slli_15        
0000d13c  __mspabi_slli_2         
0000d13a  __mspabi_slli_3         
0000d138  __mspabi_slli_4         
0000d136  __mspabi_slli_5         
0000d134  __mspabi_slli_6         
0000d132  __mspabi_slli_7         
0000d130  __mspabi_slli_8         
0000d12e  __mspabi_slli_9         
0000d24e  __mspabi_slll           
0000d08a  __mspabi_slll_1         
0000d066  __mspabi_slll_10        
0000d062  __mspabi_slll_11        
0000d05e  __mspabi_slll_12        
0000d05a  __mspabi_slll_13        
0000d056  __mspabi_slll_14        
0000d052  __mspabi_slll_15        
0000d086  __mspabi_slll_2         
0000d082  __mspabi_slll_3         
0000d07e  __mspabi_slll_4         
0000d07a  __mspabi_slll_5         
0000d076  __mspabi_slll_6         
0000d072  __mspabi_slll_7         
0000d06e  __mspabi_slll_8         
0000d06a  __mspabi_slll_9         
0000d0ea  __mspabi_srai           
0000d112  __mspabi_srai_1         
0000d100  __mspabi_srai_10        
0000d0fe  __mspabi_srai_11        
0000d0fc  __mspabi_srai_12        
0000d0fa  __mspabi_srai_13        
0000d0f8  __mspabi_srai_14        
0000d0f6  __mspabi_srai_15        
0000d110  __mspabi_srai_2         
0000d10e  __mspabi_srai_3         
0000d10c  __mspabi_srai_4         
0000d10a  __mspabi_srai_5         
0000d108  __mspabi_srai_6         
0000d106  __mspabi_srai_7         
0000d104  __mspabi_srai_8         
0000d102  __mspabi_srai_9         
0000d23e  __mspabi_sral           
0000d04c  __mspabi_sral_1         
0000d028  __mspabi_sral_10        
0000d024  __mspabi_sral_11        
0000d020  __mspabi_sral_12        
0000d01c  __mspabi_sral_13        
0000d018  __mspabi_sral_14        
0000d014  __mspabi_sral_15        
0000d048  __mspabi_sral_2         
0000d044  __mspabi_sral_3         
0000d040  __mspabi_sral_4         
0000d03c  __mspabi_sral_5         
0000d038  __mspabi_sral_6         
0000d034  __mspabi_sral_7         
0000d030  __mspabi_sral_8         
0000d02c  __mspabi_sral_9         
0000cf7e  __mspabi_srli           
0000cfc4  __mspabi_srli_1         
0000cfa0  __mspabi_srli_10        
0000cf9c  __mspabi_srli_11        
0000cf98  __mspabi_srli_12        
0000cf94  __mspabi_srli_13        
0000cf90  __mspabi_srli_14        
0000cf8c  __mspabi_srli_15        
0000cfc0  __mspabi_srli_2         
0000cfbc  __mspabi_srli_3         
0000cfb8  __mspabi_srli_4         
0000cfb4  __mspabi_srli_5         
0000cfb0  __mspabi_srli_6         
0000cfac  __mspabi_srli_7         
0000cfa8  __mspabi_srli_8         
0000cfa4  __mspabi_srli_9         
0000d20a  __mspabi_srll           
0000ce7a  __mspabi_srll_1         
0000ce44  __mspabi_srll_10        
0000ce3e  __mspabi_srll_11        
0000ce38  __mspabi_srll_12        
0000ce32  __mspabi_srll_13        
0000ce2c  __mspabi_srll_14        
0000ce26  __mspabi_srll_15        
0000ce74  __mspabi_srll_2         
0000ce6e  __mspabi_srll_3         
0000ce68  __mspabi_srll_4         
0000ce62  __mspabi_srll_5         
0000ce5c  __mspabi_srll_6         
0000ce56  __mspabi_srll_7         
0000ce50  __mspabi_srll_8         
0000ce4a  __mspabi_srll_9         
0000d090  __mspabi_subd           
0000c83e  __mspabi_subf           
0000cdb8  _auto_init              
0000d1a2  _c_int00_noargs_noexit  
0000fffe  _reset_vector           
000003b0  _stack                  
0000d280  _system_post_cinit      
0000d27c  _system_pre_init        
0000d276  abort                   
00000304  amp                     
00000300  aux                     
00000308  cont                    
0000ce82  copy_in                 
0000d0be  ini_P1_P2               
0000cedc  ini_TimerA0_PWM         
0000d1d0  ini_TimerA1_Deb         
0000c000  ini_vet                 
0000d186  main                    
0000d21c  memcpy                  
0000d166  uCon                    
00000200  vet                     


GLOBAL SYMBOLS: SORTED BY Symbol Address 

address   name                    
-------   ----                    
00000000  IE1                     
00000001  IE2                     
00000002  IFG1                    
00000003  IFG2                    
00000010  P3REN                   
00000018  P3IN                    
00000019  P3OUT                   
0000001a  P3DIR                   
0000001b  P3SEL                   
00000020  P1IN                    
00000021  P1OUT                   
00000022  P1DIR                   
00000023  P1IFG                   
00000024  P1IES                   
00000025  P1IE                    
00000026  P1SEL                   
00000027  P1REN                   
00000028  P2IN                    
00000029  P2OUT                   
0000002a  P2DIR                   
0000002b  P2IFG                   
0000002c  P2IES                   
0000002d  P2IE                    
0000002e  P2SEL                   
0000002f  P2REN                   
00000041  P1SEL2                  
00000042  P2SEL2                  
00000043  P3SEL2                  
00000048  ADC10DTC0               
00000049  ADC10DTC1               
0000004a  ADC10AE0                
00000050  __STACK_SIZE            
00000053  BCSCTL3                 
00000056  DCOCTL                  
00000057  BCSCTL1                 
00000058  BCSCTL2                 
00000059  CACTL1                  
0000005a  CACTL2                  
0000005b  CAPD                    
0000005d  UCA0ABCTL               
0000005e  UCA0IRTCTL              
0000005f  UCA0IRRCTL              
00000060  UCA0CTL0                
00000061  UCA0CTL1                
00000062  UCA0BR0                 
00000063  UCA0BR1                 
00000064  UCA0MCTL                
00000065  UCA0STAT                
00000066  UCA0RXBUF               
00000067  UCA0TXBUF               
00000068  UCB0CTL0                
00000069  UCB0CTL1                
0000006a  UCB0BR0                 
0000006b  UCB0BR1                 
0000006c  UCB0I2CIE               
0000006d  UCB0STAT                
0000006e  UCB0RXBUF               
0000006f  UCB0TXBUF               
00000118  UCB0I2COA               
0000011a  UCB0I2CSA               
0000011e  TA1IV                   
00000120  WDTCTL                  
00000128  FCTL1                   
0000012a  FCTL2                   
0000012c  FCTL3                   
0000012e  TA0IV                   
00000160  TA0CTL                  
00000162  TA0CCTL0                
00000164  TA0CCTL1                
00000166  TA0CCTL2                
00000170  TA0R                    
00000172  TA0CCR0                 
00000174  TA0CCR1                 
00000176  TA0CCR2                 
00000180  TA1CTL                  
00000182  TA1CCTL0                
00000184  TA1CCTL1                
00000186  TA1CCTL2                
00000190  TA1R                    
00000192  TA1CCR0                 
00000194  TA1CCR1                 
00000196  TA1CCR2                 
000001b0  ADC10CTL0               
000001b2  ADC10CTL1               
000001b4  ADC10MEM                
000001bc  ADC10SA                 
00000200  vet                     
00000300  aux                     
00000304  amp                     
00000308  cont                    
000003b0  _stack                  
00000400  __STACK_END             
000010c0  TLV_CHECKSUM            
000010da  TLV_ADC10_1_TAG         
000010db  TLV_ADC10_1_LEN         
000010f6  TLV_DCO_30_TAG          
000010f7  TLV_DCO_30_LEN          
000010f8  CALDCO_16MHZ            
000010f9  CALBC1_16MHZ            
000010fa  CALDCO_12MHZ            
000010fb  CALBC1_12MHZ            
000010fc  CALDCO_8MHZ             
000010fd  CALBC1_8MHZ             
000010fe  CALDCO_1MHZ             
000010ff  CALBC1_1MHZ             
0000c000  ini_vet                 
0000c2f6  __mspabi_addd           
0000c5de  __TI_frcaddd            
0000c83e  __mspabi_subf           
0000c844  __mspabi_addf           
0000c970  RTI_TimerA1_Deb         
0000ca40  __mspabi_mpyf           
0000cb04  __TI_renormd            
0000cbc2  __mspabi_cvtdf          
0000cc4e  RTI_TimerA0_PWM         
0000ccca  __TI_decompress_lzss    
0000cd46  __mspabi_cvtfd          
0000cdb8  _auto_init              
0000ce26  __mspabi_srll_15        
0000ce2c  __mspabi_srll_14        
0000ce32  __mspabi_srll_13        
0000ce38  __mspabi_srll_12        
0000ce3e  __mspabi_srll_11        
0000ce44  __mspabi_srll_10        
0000ce4a  __mspabi_srll_9         
0000ce50  __mspabi_srll_8         
0000ce56  __mspabi_srll_7         
0000ce5c  __mspabi_srll_6         
0000ce62  __mspabi_srll_5         
0000ce68  __mspabi_srll_4         
0000ce6e  __mspabi_srll_3         
0000ce74  __mspabi_srll_2         
0000ce7a  __mspabi_srll_1         
0000ce82  copy_in                 
0000cedc  ini_TimerA0_PWM         
0000cf32  __mspabi_fixful         
0000cf7e  __mspabi_srli           
0000cf8c  __mspabi_srli_15        
0000cf90  __mspabi_srli_14        
0000cf94  __mspabi_srli_13        
0000cf98  __mspabi_srli_12        
0000cf9c  __mspabi_srli_11        
0000cfa0  __mspabi_srli_10        
0000cfa4  __mspabi_srli_9         
0000cfa8  __mspabi_srli_8         
0000cfac  __mspabi_srli_7         
0000cfb0  __mspabi_srli_6         
0000cfb4  __mspabi_srli_5         
0000cfb8  __mspabi_srli_4         
0000cfbc  __mspabi_srli_3         
0000cfc0  __mspabi_srli_2         
0000cfc4  __mspabi_srli_1         
0000cfca  __mspabi_cmpf           
0000d014  __mspabi_sral_15        
0000d018  __mspabi_sral_14        
0000d01c  __mspabi_sral_13        
0000d020  __mspabi_sral_12        
0000d024  __mspabi_sral_11        
0000d028  __mspabi_sral_10        
0000d02c  __mspabi_sral_9         
0000d030  __mspabi_sral_8         
0000d034  __mspabi_sral_7         
0000d038  __mspabi_sral_6         
0000d03c  __mspabi_sral_5         
0000d040  __mspabi_sral_4         
0000d044  __mspabi_sral_3         
0000d048  __mspabi_sral_2         
0000d04c  __mspabi_sral_1         
0000d052  __mspabi_slll_15        
0000d056  __mspabi_slll_14        
0000d05a  __mspabi_slll_13        
0000d05e  __mspabi_slll_12        
0000d062  __mspabi_slll_11        
0000d066  __mspabi_slll_10        
0000d06a  __mspabi_slll_9         
0000d06e  __mspabi_slll_8         
0000d072  __mspabi_slll_7         
0000d076  __mspabi_slll_6         
0000d07a  __mspabi_slll_5         
0000d07e  __mspabi_slll_4         
0000d082  __mspabi_slll_3         
0000d086  __mspabi_slll_2         
0000d08a  __mspabi_slll_1         
0000d090  __mspabi_subd           
0000d0be  ini_P1_P2               
0000d0ea  __mspabi_srai           
0000d0f6  __mspabi_srai_15        
0000d0f8  __mspabi_srai_14        
0000d0fa  __mspabi_srai_13        
0000d0fc  __mspabi_srai_12        
0000d0fe  __mspabi_srai_11        
0000d100  __mspabi_srai_10        
0000d102  __mspabi_srai_9         
0000d104  __mspabi_srai_8         
0000d106  __mspabi_srai_7         
0000d108  __mspabi_srai_6         
0000d10a  __mspabi_srai_5         
0000d10c  __mspabi_srai_4         
0000d10e  __mspabi_srai_3         
0000d110  __mspabi_srai_2         
0000d112  __mspabi_srai_1         
0000d116  __mspabi_slli           
0000d122  __mspabi_slli_15        
0000d124  __mspabi_slli_14        
0000d126  __mspabi_slli_13        
0000d128  __mspabi_slli_12        
0000d12a  __mspabi_slli_11        
0000d12c  __mspabi_slli_10        
0000d12e  __mspabi_slli_9         
0000d130  __mspabi_slli_8         
0000d132  __mspabi_slli_7         
0000d134  __mspabi_slli_6         
0000d136  __mspabi_slli_5         
0000d138  __mspabi_slli_4         
0000d13a  __mspabi_slli_3         
0000d13c  __mspabi_slli_2         
0000d13e  __mspabi_slli_1         
0000d142  __mspabi_fltuf          
0000d166  uCon                    
0000d186  main                    
0000d1a2  _c_int00_noargs_noexit  
0000d1bc  __TI_zero_init          
0000d1d0  ini_TimerA1_Deb         
0000d1e4  __mspabi_mpyi           
0000d1e4  __mspabi_mpyi_sw        
0000d1f8  __TI_decompress_none    
0000d20a  __mspabi_srll           
0000d21c  memcpy                  
0000d22e  RTI_P1                  
0000d23e  __mspabi_sral           
0000d24e  __mspabi_slll           
0000d25e  __mspabi_func_epilog_7  
0000d260  __mspabi_func_epilog_6  
0000d262  __mspabi_func_epilog_5  
0000d264  __mspabi_func_epilog_4  
0000d266  __mspabi_func_epilog_3  
0000d268  __mspabi_func_epilog_2  
0000d26a  __mspabi_func_epilog_1  
0000d26e  __TI_ISR_TRAP           
0000d276  C$$EXIT                 
0000d276  abort                   
0000d27c  _system_pre_init        
0000d280  _system_post_cinit      
0000d28c  __TI_Handler_Table_Base 
0000d292  __TI_Handler_Table_Limit
0000d296  __TI_CINIT_Base         
0000d29e  __TI_CINIT_Limit        
0000ffe0  __TI_int00              
0000ffe4  __TI_int02              
0000ffe6  __TI_int03              
0000ffea  __TI_int05              
0000ffec  __TI_int06              
0000ffee  __TI_int07              
0000fff0  __TI_int08              
0000fff2  __TI_int09              
0000fff4  __TI_int10              
0000fff6  __TI_int11              
0000fff8  __TI_int12              
0000fffa  __TI_int13              
0000fffc  __TI_int14              
0000fffe  _reset_vector           
ffffffff  __TI_pprof_out_hndl     
ffffffff  __TI_prof_data_size     
ffffffff  __TI_prof_data_start    
ffffffff  __c_args__              
UNDEFED   __TI_BINIT_Base         
UNDEFED   __TI_BINIT_Limit        
UNDEFED   __TI_INITARRAY_Base     
UNDEFED   __TI_INITARRAY_Limit    

[269 symbols]
