******************************************************************************
                  MSP430 Linker PC v16.9.0                     
******************************************************************************
>> Linked Fri May 26 16:56:15 2017

OUTPUT FILE NAME:   <APS02_01_Cronometro.out>
ENTRY POINT SYMBOL: "_c_int00_noargs_noexit"  address: 0000c7f4


MEMORY CONFIGURATION

         name            origin    length      used     unused   attr    fill
----------------------  --------  ---------  --------  --------  ----  --------
  SFR                   00000000   00000010  00000000  00000010  RWIX
  PERIPHERALS_8BIT      00000010   000000f0  00000000  000000f0  RWIX
  PERIPHERALS_16BIT     00000100   00000100  00000000  00000100  RWIX
  RAM                   00000200   00000200  0000006f  00000191  RWIX
  INFOD                 00001000   00000040  00000000  00000040  RWIX
  INFOC                 00001040   00000040  00000000  00000040  RWIX
  INFOB                 00001080   00000040  00000000  00000040  RWIX
  INFOA                 000010c0   00000040  00000000  00000040  RWIX
  FLASH                 0000c000   00003fde  00000974  0000366a  RWIX
  BSLSIGNATURE          0000ffde   00000002  00000002  00000000  RWIX  ffff 
  INT00                 0000ffe0   00000002  00000002  00000000  RWIX
  INT01                 0000ffe2   00000002  00000000  00000002  RWIX
  INT02                 0000ffe4   00000002  00000002  00000000  RWIX
  INT03                 0000ffe6   00000002  00000002  00000000  RWIX
  INT04                 0000ffe8   00000002  00000000  00000002  RWIX
  INT05                 0000ffea   00000002  00000002  00000000  RWIX
  INT06                 0000ffec   00000002  00000002  00000000  RWIX
  INT07                 0000ffee   00000002  00000002  00000000  RWIX
  INT08                 0000fff0   00000002  00000002  00000000  RWIX
  INT09                 0000fff2   00000002  00000002  00000000  RWIX
  INT10                 0000fff4   00000002  00000002  00000000  RWIX
  INT11                 0000fff6   00000002  00000002  00000000  RWIX
  INT12                 0000fff8   00000002  00000002  00000000  RWIX
  INT13                 0000fffa   00000002  00000002  00000000  RWIX
  INT14                 0000fffc   00000002  00000002  00000000  RWIX
  RESET                 0000fffe   00000002  00000002  00000000  RWIX


SECTION ALLOCATION MAP

 output                                  attributes/
section   page    origin      length       input sections
--------  ----  ----------  ----------   ----------------
.bss       0    00000200    00000015     UNINITIALIZED
                  00000200    0000000a     (.common:string1)
                  0000020a    0000000a     (.common:string2)
                  00000214    00000001     main.obj (.bss)

.data      0    00000216    0000000a     UNINITIALIZED
                  00000216    0000000a     main.obj (.data)

.stack     0    000003b0    00000050     UNINITIALIZED
                  000003b0    00000002     rts430_eabi.lib : boot.obj (.stack)
                  000003b2    0000004e     --HOLE--

.text      0    0000c000    00000930     
                  0000c000    00000116     rts430_eabi.lib : _printfi_min.obj (.text:_setfield)
                  0000c116    000000e6                     : _printfi_min.obj (.text:__TI_printfi_minimal)
                  0000c1fc    000000ca                     : _printfi_min.obj (.text:_pproc_diouxp)
                  0000c2c6    00000080     main.obj (.text:main)
                  0000c346    0000007c     rts430_eabi.lib : copy_decompress_lzss.obj (.text:decompress:lzss:__TI_decompress_lzss)
                  0000c3c2    00000078     main.obj (.text:ini_lcd)
                  0000c43a    00000072     main.obj (.text:Debouncer_RTI)
                  0000c4ac    0000006e     rts430_eabi.lib : autoinit.obj (.text:_auto_init)
                  0000c51a    0000005a                     : cpy_tbl.obj (.text:copy_in)
                  0000c574    0000004e     main.obj (.text:send_byte)
                  0000c5c2    0000004c     rts430_eabi.lib : lsr16.obj (.text)
                  0000c60e    00000048     main.obj (.text:Cronometro_RTI)
                  0000c656    0000003a     main.obj (.text:send_nibble)
                  0000c690    00000038     rts430_eabi.lib : sprintf.obj (.text:sprintf)
                  0000c6c8    0000002c                     : asr16.obj (.text)
                  0000c6f4    0000002c                     : lsl16.obj (.text)
                  0000c720    0000002a     main.obj (.text:lcd_write_c)
                  0000c74a    00000026     main.obj (.text:p1_p2_ini)
                  0000c770    00000022     main.obj (.text:P1_RTI)
                  0000c792    00000022     main.obj (.text:conf_ini)
                  0000c7b4    00000022     main.obj (.text:lcd_text_position)
                  0000c7d6    0000001e     main.obj (.text:timer0_cronometro)
                  0000c7f4    0000001a     rts430_eabi.lib : boot_special.obj (.text:_c_int00_noargs_noexit)
                  0000c80e    0000001a                     : sprintf.obj (.text:_outs)
                  0000c828    0000001a                     : memccpy.obj (.text:memccpy)
                  0000c842    00000018     main.obj (.text:timer1_debouncer)
                  0000c85a    00000016     rts430_eabi.lib : div16u.obj (.text)
                  0000c870    00000014                     : copy_zero_init.obj (.text:decompress:ZI:__TI_zero_init)
                  0000c884    00000014     main.obj (.text:lcd_write_s)
                  0000c898    00000014     rts430_eabi.lib : memset.obj (.text:memset)
                  0000c8ac    00000014                     : mult16.obj (.text)
                  0000c8c0    00000012                     : sprintf.obj (.text:_outc)
                  0000c8d2    00000012                     : copy_decompress_none.obj (.text:decompress:none:__TI_decompress_none)
                  0000c8e4    00000012                     : memcpy.obj (.text:memcpy)
                  0000c8f6    00000010                     : epilog.obj (.text)
                  0000c906    0000000e                     : strlen.obj (.text:strlen)
                  0000c914    00000008     main.obj (.text:Contador_10ms_RTI)
                  0000c91c    00000008     rts430_eabi.lib : isr_trap.obj (.text:_isr:__TI_ISR_TRAP)
                  0000c924    00000006                     : exit.obj (.text:abort)
                  0000c92a    00000004                     : pre_init.obj (.text:_system_pre_init)
                  0000c92e    00000002                     : startup.obj (.text:_system_post_cinit)

.binit     0    0000c000    00000000     

.const     0    0000c930    0000002a     
                  0000c930    00000016     main.obj (.const:.string)
                  0000c946    00000014     rts430_eabi.lib : _printfi_min.obj (.const:.string)

.cinit     0    0000c95a    0000001a     
                  0000c95a    00000007     (.cinit..data.load) [load image, compression = lzss]
                  0000c961    00000001     --HOLE-- [fill = 0]
                  0000c962    00000006     (__TI_handler_table)
                  0000c968    00000004     (.cinit..bss.load) [load image, compression = zero_init]
                  0000c96c    00000008     (__TI_cinit_table)

.init_array 
*          0    0000c000    00000000     UNINITIALIZED

TRAPINT    0    0000ffe0    00000002     
                  0000ffe0    00000002     rts430_eabi.lib : int00.obj (.int00)

PORT1      0    0000ffe4    00000002     
                  0000ffe4    00000002     main.obj (.int02)

PORT2      0    0000ffe6    00000002     
                  0000ffe6    00000002     rts430_eabi.lib : int03.obj (.int03)

$fill000   0    0000ffde    00000002     
                  0000ffde    00000002     --HOLE-- [fill = ffff]

ADC10      0    0000ffea    00000002     
                  0000ffea    00000002     rts430_eabi.lib : int05.obj (.int05)

USCIAB0TX 
*          0    0000ffec    00000002     
                  0000ffec    00000002     rts430_eabi.lib : int06.obj (.int06)

USCIAB0RX 
*          0    0000ffee    00000002     
                  0000ffee    00000002     rts430_eabi.lib : int07.obj (.int07)

TIMER0_A1 
*          0    0000fff0    00000002     
                  0000fff0    00000002     main.obj (.int08)

TIMER0_A0 
*          0    0000fff2    00000002     
                  0000fff2    00000002     main.obj (.int09)

WDT        0    0000fff4    00000002     
                  0000fff4    00000002     rts430_eabi.lib : int10.obj (.int10)

COMPARATORA 
*          0    0000fff6    00000002     
                  0000fff6    00000002     rts430_eabi.lib : int11.obj (.int11)

TIMER1_A1 
*          0    0000fff8    00000002     
                  0000fff8    00000002     rts430_eabi.lib : int12.obj (.int12)

TIMER1_A0 
*          0    0000fffa    00000002     
                  0000fffa    00000002     main.obj (.int13)

NMI        0    0000fffc    00000002     
                  0000fffc    00000002     rts430_eabi.lib : int14.obj (.int14)

.reset     0    0000fffe    00000002     
                  0000fffe    00000002     rts430_eabi.lib : boot.obj (.reset)

MODULE SUMMARY

       Module                     code   ro data   rw data
       ------                     ----   -------   -------
    .\
       main.obj                   834    30        31     
    +--+--------------------------+------+---------+---------+
       Total:                     834    30        31     
                                                          
    C:\ti\ccsv7\tools\compiler\ti-cgt-msp430_16.9.0.LTS\lib\rts430_eabi.lib
       _printfi_min.obj           710    20        0      
       copy_decompress_lzss.obj   124    0         0      
       autoinit.obj               110    0         0      
       sprintf.obj                100    0         0      
       cpy_tbl.obj                90     0         0      
       lsr16.obj                  76     0         0      
       asr16.obj                  44     0         0      
       lsl16.obj                  44     0         0      
       boot_special.obj           26     0         0      
       memccpy.obj                26     0         0      
       div16u.obj                 22     0         0      
       copy_zero_init.obj         20     0         0      
       memset.obj                 20     0         0      
       mult16.obj                 20     0         0      
       copy_decompress_none.obj   18     0         0      
       memcpy.obj                 18     0         0      
       epilog.obj                 16     0         0      
       strlen.obj                 14     0         0      
       isr_trap.obj               8      0         0      
       exit.obj                   6      0         0      
       pre_init.obj               4      0         0      
       boot.obj                   0      2         0      
       int00.obj                  0      2         0      
       int03.obj                  0      2         0      
       int05.obj                  0      2         0      
       int06.obj                  0      2         0      
       int07.obj                  0      2         0      
       int10.obj                  0      2         0      
       int11.obj                  0      2         0      
       int12.obj                  0      2         0      
       int14.obj                  0      2         0      
       startup.obj                2      0         0      
    +--+--------------------------+------+---------+---------+
       Total:                     1518   40        0      
                                                          
       Stack:                     0      0         80     
       Linker Generated:          0      25        0      
    +--+--------------------------+------+---------+---------+
       Grand Total:               2352   95        111    


LINKER GENERATED COPY TABLES

__TI_cinit_table @ 0000c96c records: 2, size/record: 4, table size: 8
	.data: load addr=0000c95a, load size=00000007 bytes, run addr=00000216, run size=0000000a bytes, compression=lzss
	.bss: load addr=0000c968, load size=00000004 bytes, run addr=00000200, run size=00000015 bytes, compression=zero_init


LINKER GENERATED HANDLER TABLE

__TI_handler_table @ 0000c962 records: 3, size/record: 2, table size: 6
	index: 0, handler: __TI_zero_init
	index: 1, handler: __TI_decompress_lzss
	index: 2, handler: __TI_decompress_none


GLOBAL SYMBOLS: SORTED ALPHABETICALLY BY Name 

address   name                    
-------   ----                    
0000004a  ADC10AE0                
000001b0  ADC10CTL0               
000001b2  ADC10CTL1               
00000048  ADC10DTC0               
00000049  ADC10DTC1               
000001b4  ADC10MEM                
000001bc  ADC10SA                 
00000057  BCSCTL1                 
00000058  BCSCTL2                 
00000053  BCSCTL3                 
0000c924  C$$EXIT                 
00000059  CACTL1                  
0000005a  CACTL2                  
000010fb  CALBC1_12MHZ            
000010f9  CALBC1_16MHZ            
000010ff  CALBC1_1MHZ             
000010fd  CALBC1_8MHZ             
000010fa  CALDCO_12MHZ            
000010f8  CALDCO_16MHZ            
000010fe  CALDCO_1MHZ             
000010fc  CALDCO_8MHZ             
0000005b  CAPD                    
0000c914  Contador_10ms_RTI       
0000c60e  Cronometro_RTI          
00000056  DCOCTL                  
0000c43a  Debouncer_RTI           
00000128  FCTL1                   
0000012a  FCTL2                   
0000012c  FCTL3                   
00000000  IE1                     
00000001  IE2                     
00000002  IFG1                    
00000003  IFG2                    
00000022  P1DIR                   
00000025  P1IE                    
00000024  P1IES                   
00000023  P1IFG                   
00000020  P1IN                    
00000021  P1OUT                   
00000027  P1REN                   
00000026  P1SEL                   
00000041  P1SEL2                  
0000c770  P1_RTI                  
0000002a  P2DIR                   
0000002d  P2IE                    
0000002c  P2IES                   
0000002b  P2IFG                   
00000028  P2IN                    
00000029  P2OUT                   
0000002f  P2REN                   
0000002e  P2SEL                   
00000042  P2SEL2                  
0000001a  P3DIR                   
00000018  P3IN                    
00000019  P3OUT                   
00000010  P3REN                   
0000001b  P3SEL                   
00000043  P3SEL2                  
00000172  TA0CCR0                 
00000174  TA0CCR1                 
00000176  TA0CCR2                 
00000162  TA0CCTL0                
00000164  TA0CCTL1                
00000166  TA0CCTL2                
00000160  TA0CTL                  
0000012e  TA0IV                   
00000170  TA0R                    
00000192  TA1CCR0                 
00000194  TA1CCR1                 
00000196  TA1CCR2                 
00000182  TA1CCTL0                
00000184  TA1CCTL1                
00000186  TA1CCTL2                
00000180  TA1CTL                  
0000011e  TA1IV                   
00000190  TA1R                    
000010db  TLV_ADC10_1_LEN         
000010da  TLV_ADC10_1_TAG         
000010c0  TLV_CHECKSUM            
000010f7  TLV_DCO_30_LEN          
000010f6  TLV_DCO_30_TAG          
0000005d  UCA0ABCTL               
00000062  UCA0BR0                 
00000063  UCA0BR1                 
00000060  UCA0CTL0                
00000061  UCA0CTL1                
0000005f  UCA0IRRCTL              
0000005e  UCA0IRTCTL              
00000064  UCA0MCTL                
00000066  UCA0RXBUF               
00000065  UCA0STAT                
00000067  UCA0TXBUF               
0000006a  UCB0BR0                 
0000006b  UCB0BR1                 
00000068  UCB0CTL0                
00000069  UCB0CTL1                
0000006c  UCB0I2CIE               
00000118  UCB0I2COA               
0000011a  UCB0I2CSA               
0000006e  UCB0RXBUF               
0000006d  UCB0STAT                
0000006f  UCB0TXBUF               
00000120  WDTCTL                  
00000400  __STACK_END             
00000050  __STACK_SIZE            
UNDEFED   __TI_BINIT_Base         
UNDEFED   __TI_BINIT_Limit        
0000c96c  __TI_CINIT_Base         
0000c974  __TI_CINIT_Limit        
0000c962  __TI_Handler_Table_Base 
0000c968  __TI_Handler_Table_Limit
UNDEFED   __TI_INITARRAY_Base     
UNDEFED   __TI_INITARRAY_Limit    
0000c91c  __TI_ISR_TRAP           
0000c346  __TI_decompress_lzss    
0000c8d2  __TI_decompress_none    
0000ffe0  __TI_int00              
0000ffe4  __TI_int02              
0000ffe6  __TI_int03              
0000ffea  __TI_int05              
0000ffec  __TI_int06              
0000ffee  __TI_int07              
0000fff0  __TI_int08              
0000fff2  __TI_int09              
0000fff4  __TI_int10              
0000fff6  __TI_int11              
0000fff8  __TI_int12              
0000fffa  __TI_int13              
0000fffc  __TI_int14              
ffffffff  __TI_pprof_out_hndl     
0000c116  __TI_printfi_minimal    
ffffffff  __TI_prof_data_size     
ffffffff  __TI_prof_data_start    
0000c870  __TI_zero_init          
ffffffff  __c_args__              
0000c85a  __mspabi_divu           
0000c902  __mspabi_func_epilog_1  
0000c900  __mspabi_func_epilog_2  
0000c8fe  __mspabi_func_epilog_3  
0000c8fc  __mspabi_func_epilog_4  
0000c8fa  __mspabi_func_epilog_5  
0000c8f8  __mspabi_func_epilog_6  
0000c8f6  __mspabi_func_epilog_7  
0000c8ac  __mspabi_mpyi           
0000c8ac  __mspabi_mpyi_sw        
0000c85a  __mspabi_remu           
0000c6f4  __mspabi_slli           
0000c71c  __mspabi_slli_1         
0000c70a  __mspabi_slli_10        
0000c708  __mspabi_slli_11        
0000c706  __mspabi_slli_12        
0000c704  __mspabi_slli_13        
0000c702  __mspabi_slli_14        
0000c700  __mspabi_slli_15        
0000c71a  __mspabi_slli_2         
0000c718  __mspabi_slli_3         
0000c716  __mspabi_slli_4         
0000c714  __mspabi_slli_5         
0000c712  __mspabi_slli_6         
0000c710  __mspabi_slli_7         
0000c70e  __mspabi_slli_8         
0000c70c  __mspabi_slli_9         
0000c6c8  __mspabi_srai           
0000c6f0  __mspabi_srai_1         
0000c6de  __mspabi_srai_10        
0000c6dc  __mspabi_srai_11        
0000c6da  __mspabi_srai_12        
0000c6d8  __mspabi_srai_13        
0000c6d6  __mspabi_srai_14        
0000c6d4  __mspabi_srai_15        
0000c6ee  __mspabi_srai_2         
0000c6ec  __mspabi_srai_3         
0000c6ea  __mspabi_srai_4         
0000c6e8  __mspabi_srai_5         
0000c6e6  __mspabi_srai_6         
0000c6e4  __mspabi_srai_7         
0000c6e2  __mspabi_srai_8         
0000c6e0  __mspabi_srai_9         
0000c5c2  __mspabi_srli           
0000c608  __mspabi_srli_1         
0000c5e4  __mspabi_srli_10        
0000c5e0  __mspabi_srli_11        
0000c5dc  __mspabi_srli_12        
0000c5d8  __mspabi_srli_13        
0000c5d4  __mspabi_srli_14        
0000c5d0  __mspabi_srli_15        
0000c604  __mspabi_srli_2         
0000c600  __mspabi_srli_3         
0000c5fc  __mspabi_srli_4         
0000c5f8  __mspabi_srli_5         
0000c5f4  __mspabi_srli_6         
0000c5f0  __mspabi_srli_7         
0000c5ec  __mspabi_srli_8         
0000c5e8  __mspabi_srli_9         
0000c4ac  _auto_init              
0000c7f4  _c_int00_noargs_noexit  
0000fffe  _reset_vector           
000003b0  _stack                  
0000c92e  _system_post_cinit      
0000c92a  _system_pre_init        
0000c924  abort                   
0000021c  cent_segundos           
0000c792  conf_ini                
0000c51a  copy_in                 
0000021a  dec_segundos            
0000c3c2  ini_lcd                 
0000c7b4  lcd_text_position       
0000c720  lcd_write_c             
0000c884  lcd_write_s             
0000c2c6  main                    
0000c828  memccpy                 
0000c8e4  memcpy                  
0000c898  memset                  
00000216  minutos                 
0000021e  modo                    
0000c74a  p1_p2_ini               
00000218  segundos                
0000c574  send_byte               
0000c656  send_nibble             
0000c690  sprintf                 
00000200  string1                 
0000020a  string2                 
0000c906  strlen                  
0000c7d6  timer0_cronometro       
0000c842  timer1_debouncer        


GLOBAL SYMBOLS: SORTED BY Symbol Address 

address   name                    
-------   ----                    
00000000  IE1                     
00000001  IE2                     
00000002  IFG1                    
00000003  IFG2                    
00000010  P3REN                   
00000018  P3IN                    
00000019  P3OUT                   
0000001a  P3DIR                   
0000001b  P3SEL                   
00000020  P1IN                    
00000021  P1OUT                   
00000022  P1DIR                   
00000023  P1IFG                   
00000024  P1IES                   
00000025  P1IE                    
00000026  P1SEL                   
00000027  P1REN                   
00000028  P2IN                    
00000029  P2OUT                   
0000002a  P2DIR                   
0000002b  P2IFG                   
0000002c  P2IES                   
0000002d  P2IE                    
0000002e  P2SEL                   
0000002f  P2REN                   
00000041  P1SEL2                  
00000042  P2SEL2                  
00000043  P3SEL2                  
00000048  ADC10DTC0               
00000049  ADC10DTC1               
0000004a  ADC10AE0                
00000050  __STACK_SIZE            
00000053  BCSCTL3                 
00000056  DCOCTL                  
00000057  BCSCTL1                 
00000058  BCSCTL2                 
00000059  CACTL1                  
0000005a  CACTL2                  
0000005b  CAPD                    
0000005d  UCA0ABCTL               
0000005e  UCA0IRTCTL              
0000005f  UCA0IRRCTL              
00000060  UCA0CTL0                
00000061  UCA0CTL1                
00000062  UCA0BR0                 
00000063  UCA0BR1                 
00000064  UCA0MCTL                
00000065  UCA0STAT                
00000066  UCA0RXBUF               
00000067  UCA0TXBUF               
00000068  UCB0CTL0                
00000069  UCB0CTL1                
0000006a  UCB0BR0                 
0000006b  UCB0BR1                 
0000006c  UCB0I2CIE               
0000006d  UCB0STAT                
0000006e  UCB0RXBUF               
0000006f  UCB0TXBUF               
00000118  UCB0I2COA               
0000011a  UCB0I2CSA               
0000011e  TA1IV                   
00000120  WDTCTL                  
00000128  FCTL1                   
0000012a  FCTL2                   
0000012c  FCTL3                   
0000012e  TA0IV                   
00000160  TA0CTL                  
00000162  TA0CCTL0                
00000164  TA0CCTL1                
00000166  TA0CCTL2                
00000170  TA0R                    
00000172  TA0CCR0                 
00000174  TA0CCR1                 
00000176  TA0CCR2                 
00000180  TA1CTL                  
00000182  TA1CCTL0                
00000184  TA1CCTL1                
00000186  TA1CCTL2                
00000190  TA1R                    
00000192  TA1CCR0                 
00000194  TA1CCR1                 
00000196  TA1CCR2                 
000001b0  ADC10CTL0               
000001b2  ADC10CTL1               
000001b4  ADC10MEM                
000001bc  ADC10SA                 
00000200  string1                 
0000020a  string2                 
00000216  minutos                 
00000218  segundos                
0000021a  dec_segundos            
0000021c  cent_segundos           
0000021e  modo                    
000003b0  _stack                  
00000400  __STACK_END             
000010c0  TLV_CHECKSUM            
000010da  TLV_ADC10_1_TAG         
000010db  TLV_ADC10_1_LEN         
000010f6  TLV_DCO_30_TAG          
000010f7  TLV_DCO_30_LEN          
000010f8  CALDCO_16MHZ            
000010f9  CALBC1_16MHZ            
000010fa  CALDCO_12MHZ            
000010fb  CALBC1_12MHZ            
000010fc  CALDCO_8MHZ             
000010fd  CALBC1_8MHZ             
000010fe  CALDCO_1MHZ             
000010ff  CALBC1_1MHZ             
0000c116  __TI_printfi_minimal    
0000c2c6  main                    
0000c346  __TI_decompress_lzss    
0000c3c2  ini_lcd                 
0000c43a  Debouncer_RTI           
0000c4ac  _auto_init              
0000c51a  copy_in                 
0000c574  send_byte               
0000c5c2  __mspabi_srli           
0000c5d0  __mspabi_srli_15        
0000c5d4  __mspabi_srli_14        
0000c5d8  __mspabi_srli_13        
0000c5dc  __mspabi_srli_12        
0000c5e0  __mspabi_srli_11        
0000c5e4  __mspabi_srli_10        
0000c5e8  __mspabi_srli_9         
0000c5ec  __mspabi_srli_8         
0000c5f0  __mspabi_srli_7         
0000c5f4  __mspabi_srli_6         
0000c5f8  __mspabi_srli_5         
0000c5fc  __mspabi_srli_4         
0000c600  __mspabi_srli_3         
0000c604  __mspabi_srli_2         
0000c608  __mspabi_srli_1         
0000c60e  Cronometro_RTI          
0000c656  send_nibble             
0000c690  sprintf                 
0000c6c8  __mspabi_srai           
0000c6d4  __mspabi_srai_15        
0000c6d6  __mspabi_srai_14        
0000c6d8  __mspabi_srai_13        
0000c6da  __mspabi_srai_12        
0000c6dc  __mspabi_srai_11        
0000c6de  __mspabi_srai_10        
0000c6e0  __mspabi_srai_9         
0000c6e2  __mspabi_srai_8         
0000c6e4  __mspabi_srai_7         
0000c6e6  __mspabi_srai_6         
0000c6e8  __mspabi_srai_5         
0000c6ea  __mspabi_srai_4         
0000c6ec  __mspabi_srai_3         
0000c6ee  __mspabi_srai_2         
0000c6f0  __mspabi_srai_1         
0000c6f4  __mspabi_slli           
0000c700  __mspabi_slli_15        
0000c702  __mspabi_slli_14        
0000c704  __mspabi_slli_13        
0000c706  __mspabi_slli_12        
0000c708  __mspabi_slli_11        
0000c70a  __mspabi_slli_10        
0000c70c  __mspabi_slli_9         
0000c70e  __mspabi_slli_8         
0000c710  __mspabi_slli_7         
0000c712  __mspabi_slli_6         
0000c714  __mspabi_slli_5         
0000c716  __mspabi_slli_4         
0000c718  __mspabi_slli_3         
0000c71a  __mspabi_slli_2         
0000c71c  __mspabi_slli_1         
0000c720  lcd_write_c             
0000c74a  p1_p2_ini               
0000c770  P1_RTI                  
0000c792  conf_ini                
0000c7b4  lcd_text_position       
0000c7d6  timer0_cronometro       
0000c7f4  _c_int00_noargs_noexit  
0000c828  memccpy                 
0000c842  timer1_debouncer        
0000c85a  __mspabi_divu           
0000c85a  __mspabi_remu           
0000c870  __TI_zero_init          
0000c884  lcd_write_s             
0000c898  memset                  
0000c8ac  __mspabi_mpyi           
0000c8ac  __mspabi_mpyi_sw        
0000c8d2  __TI_decompress_none    
0000c8e4  memcpy                  
0000c8f6  __mspabi_func_epilog_7  
0000c8f8  __mspabi_func_epilog_6  
0000c8fa  __mspabi_func_epilog_5  
0000c8fc  __mspabi_func_epilog_4  
0000c8fe  __mspabi_func_epilog_3  
0000c900  __mspabi_func_epilog_2  
0000c902  __mspabi_func_epilog_1  
0000c906  strlen                  
0000c914  Contador_10ms_RTI       
0000c91c  __TI_ISR_TRAP           
0000c924  C$$EXIT                 
0000c924  abort                   
0000c92a  _system_pre_init        
0000c92e  _system_post_cinit      
0000c962  __TI_Handler_Table_Base 
0000c968  __TI_Handler_Table_Limit
0000c96c  __TI_CINIT_Base         
0000c974  __TI_CINIT_Limit        
0000ffe0  __TI_int00              
0000ffe4  __TI_int02              
0000ffe6  __TI_int03              
0000ffea  __TI_int05              
0000ffec  __TI_int06              
0000ffee  __TI_int07              
0000fff0  __TI_int08              
0000fff2  __TI_int09              
0000fff4  __TI_int10              
0000fff6  __TI_int11              
0000fff8  __TI_int12              
0000fffa  __TI_int13              
0000fffc  __TI_int14              
0000fffe  _reset_vector           
ffffffff  __TI_pprof_out_hndl     
ffffffff  __TI_prof_data_size     
ffffffff  __TI_prof_data_start    
ffffffff  __c_args__              
UNDEFED   __TI_BINIT_Base         
UNDEFED   __TI_BINIT_Limit        
UNDEFED   __TI_INITARRAY_Base     
UNDEFED   __TI_INITARRAY_Limit    

[225 symbols]
