V3 3
FL D:/Projetos_ISE/Comparador_com_Sinal/comp_com_sinal.vhd 2017/09/12.10:17:12 P.20131013
EN work/cmp_com_sinal 1505222239 \
      FL D:/Projetos_ISE/Comparador_com_Sinal/comp_com_sinal.vhd \
      PB ieee/std_logic_1164 1381692176
AR work/cmp_com_sinal/arq 1505222240 \
      FL D:/Projetos_ISE/Comparador_com_Sinal/comp_com_sinal.vhd \
      EN work/cmp_com_sinal 1505222239
