V3 3
FL D:/Projetos_ISE/Circuito_Com_Sinais/circuit_com_sinais.vhd 2017/09/12.10:02:23 P.20131013
EN work/circ_com_sinal 1505253160 \
      FL D:/Projetos_ISE/Circuito_Com_Sinais/circuit_com_sinais.vhd \
      PB ieee/std_logic_1164 1381692176
AR work/circ_com_sinal/arq 1505253161 \
      FL D:/Projetos_ISE/Circuito_Com_Sinais/circuit_com_sinais.vhd \
      EN work/circ_com_sinal 1505253160
