V3 3
FL D:/Projetos_ISE/Circuito_Sem_Sinal/circuit_sem_sinal.vhd 2017/09/12.09:54:16 P.20131013
EN work/ccto_sem_sinal 1505252851 \
      FL D:/Projetos_ISE/Circuito_Sem_Sinal/circuit_sem_sinal.vhd \
      PB ieee/std_logic_1164 1381692176
AR work/ccto_sem_sinal/arq 1505252852 \
      FL D:/Projetos_ISE/Circuito_Sem_Sinal/circuit_sem_sinal.vhd \
      EN work/ccto_sem_sinal 1505252851
