******************************************************************************
                  MSP430 Linker PC v16.9.0                     
******************************************************************************
>> Linked Tue Jul 04 11:29:27 2017

OUTPUT FILE NAME:   <APS_Final_LCD_Display.out>
ENTRY POINT SYMBOL: "_c_int00_noargs_noexit"  address: 0000d00e


MEMORY CONFIGURATION

         name            origin    length      used     unused   attr    fill
----------------------  --------  ---------  --------  --------  ----  --------
  SFR                   00000000   00000010  00000000  00000010  RWIX
  PERIPHERALS_8BIT      00000010   000000f0  00000000  000000f0  RWIX
  PERIPHERALS_16BIT     00000100   00000100  00000000  00000100  RWIX
  RAM                   00000200   00000200  000000ae  00000152  RWIX
  INFOD                 00001000   00000040  00000000  00000040  RWIX
  INFOC                 00001040   00000040  00000000  00000040  RWIX
  INFOB                 00001080   00000040  00000000  00000040  RWIX
  INFOA                 000010c0   00000040  00000000  00000040  RWIX
  FLASH                 0000c000   00003fde  0000116c  00002e72  RWIX
  BSLSIGNATURE          0000ffde   00000002  00000002  00000000  RWIX  ffff 
  INT00                 0000ffe0   00000002  00000002  00000000  RWIX
  INT01                 0000ffe2   00000002  00000000  00000002  RWIX
  INT02                 0000ffe4   00000002  00000002  00000000  RWIX
  INT03                 0000ffe6   00000002  00000002  00000000  RWIX
  INT04                 0000ffe8   00000002  00000000  00000002  RWIX
  INT05                 0000ffea   00000002  00000002  00000000  RWIX
  INT06                 0000ffec   00000002  00000002  00000000  RWIX
  INT07                 0000ffee   00000002  00000002  00000000  RWIX
  INT08                 0000fff0   00000002  00000002  00000000  RWIX
  INT09                 0000fff2   00000002  00000002  00000000  RWIX
  INT10                 0000fff4   00000002  00000002  00000000  RWIX
  INT11                 0000fff6   00000002  00000002  00000000  RWIX
  INT12                 0000fff8   00000002  00000002  00000000  RWIX
  INT13                 0000fffa   00000002  00000002  00000000  RWIX
  INT14                 0000fffc   00000002  00000002  00000000  RWIX
  RESET                 0000fffe   00000002  00000002  00000000  RWIX


SECTION ALLOCATION MAP

 output                                  attributes/
section   page    origin      length       input sections
--------  ----  ----------  ----------   ----------------
.bss       0    00000200    00000037     UNINITIALIZED
                  00000200    00000020     (.common:TX_DATA)
                  00000220    00000010     (.common:RX_DATA)
                  00000230    00000006     (.common:buffer)
                  00000236    00000001     (.common:rx_index)

.data      0    00000238    00000027     UNINITIALIZED
                  00000238    00000027     main.obj (.data)

.stack     0    000003b0    00000050     UNINITIALIZED
                  000003b0    00000002     rts430_eabi.lib : boot.obj (.stack)
                  000003b2    0000004e     --HOLE--

.text      0    0000c000    00001128     
                  0000c000    00000286     rts430_eabi.lib : frcmpyd.obj (.text:__TI_frcmpyd)
                  0000c286    0000026e                     : mpyd.obj (.text:__mspabi_mpyd)
                  0000c4f4    00000110     main.obj (.text:ini_display)
                  0000c604    00000106     main.obj (.text:trata_RX)
                  0000c70a    000000ea     main.obj (.text:monta_String_TX)
                  0000c7f4    000000d8     main.obj (.text:RTI_Timer_A0)
                  0000c8cc    00000090     main.obj (.text:to_string_f2)
                  0000c95c    0000007c     rts430_eabi.lib : copy_decompress_lzss.obj (.text:decompress:lzss:__TI_decompress_lzss)
                  0000c9d8    00000074                     : fixdul.obj (.text:__mspabi_fixdul)
                  0000ca4c    0000006e                     : autoinit.obj (.text:_auto_init)
                  0000caba    00000060     LCD.obj (.text:wait)
                  0000cb1a    0000005c     rts430_eabi.lib : lsr32.obj (.text:l_lsr_const)
                  0000cb76    0000005a                     : cpy_tbl.obj (.text:copy_in)
                  0000cbd0    00000058     main.obj (.text:to_string_f1)
                  0000cc28    0000004c     rts430_eabi.lib : lsr16.obj (.text)
                  0000cc74    0000004c     LCD.obj (.text:send_comand)
                  0000ccc0    00000046     LCD.obj (.text:set_position)
                  0000cd06    0000003e     rts430_eabi.lib : asr32.obj (.text:l_asr_const)
                  0000cd44    0000003e                     : lsl32.obj (.text:l_lsl_const)
                  0000cd82    0000003e     LCD.obj (.text:send_data)
                  0000cdc0    0000003a     main.obj (.text:RTI_UART_RX)
                  0000cdfa    00000036     main.obj (.text:ini_UART)
                  0000ce30    00000034     main.obj (.text:to_string_int)
                  0000ce64    00000030     LCD.obj (.text:ini_LCD)
                  0000ce94    0000002c     rts430_eabi.lib : asr16.obj (.text)
                  0000cec0    0000002c                     : div16s.obj (.text)
                  0000ceec    0000002c                     : lsl16.obj (.text)
                  0000cf18    0000002a     main.obj (.text:ini_P1_P2)
                  0000cf42    00000028     main.obj (.text:RTI_UART_TX)
                  0000cf6a    00000026     main.obj (.text:RTI_P1)
                  0000cf90    00000026     rts430_eabi.lib : mult32.obj (.text)
                  0000cfb6    00000020     main.obj (.text:ini_uCon)
                  0000cfd6    0000001c     LCD.obj (.text:write_clear)
                  0000cff2    0000001c     LCD.obj (.text:write_data)
                  0000d00e    0000001a     rts430_eabi.lib : boot_special.obj (.text:_c_int00_noargs_noexit)
                  0000d028    0000001a     main.obj (.text:main)
                  0000d042    00000016     rts430_eabi.lib : div16u.obj (.text)
                  0000d058    00000014                     : copy_zero_init.obj (.text:decompress:ZI:__TI_zero_init)
                  0000d06c    00000014     main.obj (.text:ini_TA0_Amostra)
                  0000d080    00000014     main.obj (.text:ini_TA0_Debounced)
                  0000d094    00000014     rts430_eabi.lib : mult16.obj (.text)
                  0000d0a8    00000014     LCD.obj (.text:write_string)
                  0000d0bc    00000012     rts430_eabi.lib : fixdu.obj (.text:__mspabi_fixdu)
                  0000d0ce    00000012                     : copy_decompress_none.obj (.text:decompress:none:__TI_decompress_none)
                  0000d0e0    00000012                     : lsr32.obj (.text:l_lsr)
                  0000d0f2    00000012                     : memcpy.obj (.text:memcpy)
                  0000d104    00000010                     : epilog.obj (.text)
                  0000d114    00000008                     : isr_trap.obj (.text:_isr:__TI_ISR_TRAP)
                  0000d11c    00000006                     : exit.obj (.text:abort)
                  0000d122    00000004                     : pre_init.obj (.text:_system_pre_init)
                  0000d126    00000002                     : startup.obj (.text:_system_post_cinit)

.binit     0    0000c000    00000000     

.const     0    0000d128    00000012     
                  0000d128    00000012     main.obj (.const:.string)

.cinit     0    0000d13a    00000032     
                  0000d13a    00000020     (.cinit..data.load) [load image, compression = lzss]
                  0000d15a    00000006     (__TI_handler_table)
                  0000d160    00000004     (.cinit..bss.load) [load image, compression = zero_init]
                  0000d164    00000008     (__TI_cinit_table)

.init_array 
*          0    0000c000    00000000     UNINITIALIZED

TRAPINT    0    0000ffe0    00000002     
                  0000ffe0    00000002     rts430_eabi.lib : int00.obj (.int00)

PORT1      0    0000ffe4    00000002     
                  0000ffe4    00000002     main.obj (.int02)

PORT2      0    0000ffe6    00000002     
                  0000ffe6    00000002     rts430_eabi.lib : int03.obj (.int03)

$fill000   0    0000ffde    00000002     
                  0000ffde    00000002     --HOLE-- [fill = ffff]

ADC10      0    0000ffea    00000002     
                  0000ffea    00000002     rts430_eabi.lib : int05.obj (.int05)

USCIAB0TX 
*          0    0000ffec    00000002     
                  0000ffec    00000002     main.obj (.int06)

USCIAB0RX 
*          0    0000ffee    00000002     
                  0000ffee    00000002     main.obj (.int07)

TIMER0_A1 
*          0    0000fff0    00000002     
                  0000fff0    00000002     rts430_eabi.lib : int08.obj (.int08)

TIMER0_A0 
*          0    0000fff2    00000002     
                  0000fff2    00000002     rts430_eabi.lib : int09.obj (.int09)

WDT        0    0000fff4    00000002     
                  0000fff4    00000002     rts430_eabi.lib : int10.obj (.int10)

COMPARATORA 
*          0    0000fff6    00000002     
                  0000fff6    00000002     rts430_eabi.lib : int11.obj (.int11)

TIMER1_A1 
*          0    0000fff8    00000002     
                  0000fff8    00000002     rts430_eabi.lib : int12.obj (.int12)

TIMER1_A0 
*          0    0000fffa    00000002     
                  0000fffa    00000002     main.obj (.int13)

NMI        0    0000fffc    00000002     
                  0000fffc    00000002     rts430_eabi.lib : int14.obj (.int14)

.reset     0    0000fffe    00000002     
                  0000fffe    00000002     rts430_eabi.lib : boot.obj (.reset)

MODULE SUMMARY

       Module                     code   ro data   rw data
       ------                     ----   -------   -------
    .\
       main.obj                   1598   26        94     
       LCD.obj                    428    0         0      
    +--+--------------------------+------+---------+---------+
       Total:                     2026   26        94     
                                                          
    C:\ti\ccsv7\tools\compiler\ti-cgt-msp430_16.9.0.LTS\lib\rts430_eabi.lib
       frcmpyd.obj                646    0         0      
       mpyd.obj                   622    0         0      
       copy_decompress_lzss.obj   124    0         0      
       fixdul.obj                 116    0         0      
       autoinit.obj               110    0         0      
       lsr32.obj                  110    0         0      
       cpy_tbl.obj                90     0         0      
       lsr16.obj                  76     0         0      
       asr32.obj                  62     0         0      
       lsl32.obj                  62     0         0      
       asr16.obj                  44     0         0      
       div16s.obj                 44     0         0      
       lsl16.obj                  44     0         0      
       mult32.obj                 38     0         0      
       boot_special.obj           26     0         0      
       div16u.obj                 22     0         0      
       copy_zero_init.obj         20     0         0      
       mult16.obj                 20     0         0      
       copy_decompress_none.obj   18     0         0      
       fixdu.obj                  18     0         0      
       memcpy.obj                 18     0         0      
       epilog.obj                 16     0         0      
       isr_trap.obj               8      0         0      
       exit.obj                   6      0         0      
       pre_init.obj               4      0         0      
       boot.obj                   0      2         0      
       int00.obj                  0      2         0      
       int03.obj                  0      2         0      
       int05.obj                  0      2         0      
       int08.obj                  0      2         0      
       int09.obj                  0      2         0      
       int10.obj                  0      2         0      
       int11.obj                  0      2         0      
       int12.obj                  0      2         0      
       int14.obj                  0      2         0      
       startup.obj                2      0         0      
    +--+--------------------------+------+---------+---------+
       Total:                     2366   20        0      
                                                          
       Stack:                     0      0         80     
       Linker Generated:          0      50        0      
    +--+--------------------------+------+---------+---------+
       Grand Total:               4392   96        174    


LINKER GENERATED COPY TABLES

__TI_cinit_table @ 0000d164 records: 2, size/record: 4, table size: 8
	.data: load addr=0000d13a, load size=00000020 bytes, run addr=00000238, run size=00000027 bytes, compression=lzss
	.bss: load addr=0000d160, load size=00000004 bytes, run addr=00000200, run size=00000037 bytes, compression=zero_init


LINKER GENERATED HANDLER TABLE

__TI_handler_table @ 0000d15a records: 3, size/record: 2, table size: 6
	index: 0, handler: __TI_zero_init
	index: 1, handler: __TI_decompress_lzss
	index: 2, handler: __TI_decompress_none


GLOBAL SYMBOLS: SORTED ALPHABETICALLY BY Name 

address   name                    
-------   ----                    
0000004a  ADC10AE0                
000001b0  ADC10CTL0               
000001b2  ADC10CTL1               
00000048  ADC10DTC0               
00000049  ADC10DTC1               
000001b4  ADC10MEM                
000001bc  ADC10SA                 
00000057  BCSCTL1                 
00000058  BCSCTL2                 
00000053  BCSCTL3                 
0000d11c  C$$EXIT                 
00000059  CACTL1                  
0000005a  CACTL2                  
000010fb  CALBC1_12MHZ            
000010f9  CALBC1_16MHZ            
000010ff  CALBC1_1MHZ             
000010fd  CALBC1_8MHZ             
000010fa  CALDCO_12MHZ            
000010f8  CALDCO_16MHZ            
000010fe  CALDCO_1MHZ             
000010fc  CALDCO_8MHZ             
0000005b  CAPD                    
00000056  DCOCTL                  
00000128  FCTL1                   
0000012a  FCTL2                   
0000012c  FCTL3                   
00000000  IE1                     
00000001  IE2                     
00000002  IFG1                    
00000003  IFG2                    
00000022  P1DIR                   
00000025  P1IE                    
00000024  P1IES                   
00000023  P1IFG                   
00000020  P1IN                    
00000021  P1OUT                   
00000027  P1REN                   
00000026  P1SEL                   
00000041  P1SEL2                  
0000002a  P2DIR                   
0000002d  P2IE                    
0000002c  P2IES                   
0000002b  P2IFG                   
00000028  P2IN                    
00000029  P2OUT                   
0000002f  P2REN                   
0000002e  P2SEL                   
00000042  P2SEL2                  
0000001a  P3DIR                   
00000018  P3IN                    
00000019  P3OUT                   
00000010  P3REN                   
0000001b  P3SEL                   
00000043  P3SEL2                  
0000cf6a  RTI_P1                  
0000c7f4  RTI_Timer_A0            
0000cdc0  RTI_UART_RX             
0000cf42  RTI_UART_TX             
00000220  RX_DATA                 
00000172  TA0CCR0                 
00000174  TA0CCR1                 
00000176  TA0CCR2                 
00000162  TA0CCTL0                
00000164  TA0CCTL1                
00000166  TA0CCTL2                
00000160  TA0CTL                  
0000012e  TA0IV                   
00000170  TA0R                    
00000192  TA1CCR0                 
00000194  TA1CCR1                 
00000196  TA1CCR2                 
00000182  TA1CCTL0                
00000184  TA1CCTL1                
00000186  TA1CCTL2                
00000180  TA1CTL                  
0000011e  TA1IV                   
00000190  TA1R                    
000010db  TLV_ADC10_1_LEN         
000010da  TLV_ADC10_1_TAG         
000010c0  TLV_CHECKSUM            
000010f7  TLV_DCO_30_LEN          
000010f6  TLV_DCO_30_TAG          
00000200  TX_DATA                 
0000005d  UCA0ABCTL               
00000062  UCA0BR0                 
00000063  UCA0BR1                 
00000060  UCA0CTL0                
00000061  UCA0CTL1                
0000005f  UCA0IRRCTL              
0000005e  UCA0IRTCTL              
00000064  UCA0MCTL                
00000066  UCA0RXBUF               
00000065  UCA0STAT                
00000067  UCA0TXBUF               
0000006a  UCB0BR0                 
0000006b  UCB0BR1                 
00000068  UCB0CTL0                
00000069  UCB0CTL1                
0000006c  UCB0I2CIE               
00000118  UCB0I2COA               
0000011a  UCB0I2CSA               
0000006e  UCB0RXBUF               
0000006d  UCB0STAT                
0000006f  UCB0TXBUF               
00000120  WDTCTL                  
00000400  __STACK_END             
00000050  __STACK_SIZE            
UNDEFED   __TI_BINIT_Base         
UNDEFED   __TI_BINIT_Limit        
0000d164  __TI_CINIT_Base         
0000d16c  __TI_CINIT_Limit        
0000d15a  __TI_Handler_Table_Base 
0000d160  __TI_Handler_Table_Limit
UNDEFED   __TI_INITARRAY_Base     
UNDEFED   __TI_INITARRAY_Limit    
0000d114  __TI_ISR_TRAP           
0000c95c  __TI_decompress_lzss    
0000d0ce  __TI_decompress_none    
0000c000  __TI_frcmpyd            
0000ffe0  __TI_int00              
0000ffe4  __TI_int02              
0000ffe6  __TI_int03              
0000ffea  __TI_int05              
0000ffec  __TI_int06              
0000ffee  __TI_int07              
0000fff0  __TI_int08              
0000fff2  __TI_int09              
0000fff4  __TI_int10              
0000fff6  __TI_int11              
0000fff8  __TI_int12              
0000fffa  __TI_int13              
0000fffc  __TI_int14              
ffffffff  __TI_pprof_out_hndl     
ffffffff  __TI_prof_data_size     
ffffffff  __TI_prof_data_start    
0000d058  __TI_zero_init          
ffffffff  __c_args__              
0000cec0  __mspabi_divi           
0000d042  __mspabi_divu           
0000d0bc  __mspabi_fixdu          
0000c9d8  __mspabi_fixdul         
0000d110  __mspabi_func_epilog_1  
0000d10e  __mspabi_func_epilog_2  
0000d10c  __mspabi_func_epilog_3  
0000d10a  __mspabi_func_epilog_4  
0000d108  __mspabi_func_epilog_5  
0000d106  __mspabi_func_epilog_6  
0000d104  __mspabi_func_epilog_7  
0000c286  __mspabi_mpyd           
0000d094  __mspabi_mpyi           
0000d094  __mspabi_mpyi_sw        
0000cf90  __mspabi_mpyl           
0000cf90  __mspabi_mpyl_sw        
0000cec0  __mspabi_remi           
0000d042  __mspabi_remu           
0000ceec  __mspabi_slli           
0000cf14  __mspabi_slli_1         
0000cf02  __mspabi_slli_10        
0000cf00  __mspabi_slli_11        
0000cefe  __mspabi_slli_12        
0000cefc  __mspabi_slli_13        
0000cefa  __mspabi_slli_14        
0000cef8  __mspabi_slli_15        
0000cf12  __mspabi_slli_2         
0000cf10  __mspabi_slli_3         
0000cf0e  __mspabi_slli_4         
0000cf0c  __mspabi_slli_5         
0000cf0a  __mspabi_slli_6         
0000cf08  __mspabi_slli_7         
0000cf06  __mspabi_slli_8         
0000cf04  __mspabi_slli_9         
0000cd7c  __mspabi_slll_1         
0000cd58  __mspabi_slll_10        
0000cd54  __mspabi_slll_11        
0000cd50  __mspabi_slll_12        
0000cd4c  __mspabi_slll_13        
0000cd48  __mspabi_slll_14        
0000cd44  __mspabi_slll_15        
0000cd78  __mspabi_slll_2         
0000cd74  __mspabi_slll_3         
0000cd70  __mspabi_slll_4         
0000cd6c  __mspabi_slll_5         
0000cd68  __mspabi_slll_6         
0000cd64  __mspabi_slll_7         
0000cd60  __mspabi_slll_8         
0000cd5c  __mspabi_slll_9         
0000ce94  __mspabi_srai           
0000cebc  __mspabi_srai_1         
0000ceaa  __mspabi_srai_10        
0000cea8  __mspabi_srai_11        
0000cea6  __mspabi_srai_12        
0000cea4  __mspabi_srai_13        
0000cea2  __mspabi_srai_14        
0000cea0  __mspabi_srai_15        
0000ceba  __mspabi_srai_2         
0000ceb8  __mspabi_srai_3         
0000ceb6  __mspabi_srai_4         
0000ceb4  __mspabi_srai_5         
0000ceb2  __mspabi_srai_6         
0000ceb0  __mspabi_srai_7         
0000ceae  __mspabi_srai_8         
0000ceac  __mspabi_srai_9         
0000cd3e  __mspabi_sral_1         
0000cd1a  __mspabi_sral_10        
0000cd16  __mspabi_sral_11        
0000cd12  __mspabi_sral_12        
0000cd0e  __mspabi_sral_13        
0000cd0a  __mspabi_sral_14        
0000cd06  __mspabi_sral_15        
0000cd3a  __mspabi_sral_2         
0000cd36  __mspabi_sral_3         
0000cd32  __mspabi_sral_4         
0000cd2e  __mspabi_sral_5         
0000cd2a  __mspabi_sral_6         
0000cd26  __mspabi_sral_7         
0000cd22  __mspabi_sral_8         
0000cd1e  __mspabi_sral_9         
0000cc28  __mspabi_srli           
0000cc6e  __mspabi_srli_1         
0000cc4a  __mspabi_srli_10        
0000cc46  __mspabi_srli_11        
0000cc42  __mspabi_srli_12        
0000cc3e  __mspabi_srli_13        
0000cc3a  __mspabi_srli_14        
0000cc36  __mspabi_srli_15        
0000cc6a  __mspabi_srli_2         
0000cc66  __mspabi_srli_3         
0000cc62  __mspabi_srli_4         
0000cc5e  __mspabi_srli_5         
0000cc5a  __mspabi_srli_6         
0000cc56  __mspabi_srli_7         
0000cc52  __mspabi_srli_8         
0000cc4e  __mspabi_srli_9         
0000d0e0  __mspabi_srll           
0000cb6e  __mspabi_srll_1         
0000cb38  __mspabi_srll_10        
0000cb32  __mspabi_srll_11        
0000cb2c  __mspabi_srll_12        
0000cb26  __mspabi_srll_13        
0000cb20  __mspabi_srll_14        
0000cb1a  __mspabi_srll_15        
0000cb68  __mspabi_srll_2         
0000cb62  __mspabi_srll_3         
0000cb5c  __mspabi_srll_4         
0000cb56  __mspabi_srll_5         
0000cb50  __mspabi_srll_6         
0000cb4a  __mspabi_srll_7         
0000cb44  __mspabi_srll_8         
0000cb3e  __mspabi_srll_9         
0000ca4c  _auto_init              
0000d00e  _c_int00_noargs_noexit  
0000fffe  _reset_vector           
000003b0  _stack                  
0000d126  _system_post_cinit      
0000d122  _system_pre_init        
0000d11c  abort                   
00000230  buffer                  
0000cb76  copy_in                 
0000023b  dia                     
0000025d  flag                    
00000254  fluxo                   
0000024c  fluxo_M                 
00000244  fluxo_m                 
0000023a  hora                    
0000ce64  ini_LCD                 
0000cf18  ini_P1_P2               
0000d06c  ini_TA0_Amostra         
0000d080  ini_TA0_Debounced       
0000cdfa  ini_UART                
0000c4f4  ini_display             
0000cfb6  ini_uCon                
0000d028  main                    
0000d0f2  memcpy                  
00000239  min                     
0000c70a  monta_String_TX         
0000025e  n_amostra               
00000236  rx_index                
00000238  seg                     
0000cc74  send_comand             
0000cd82  send_data               
0000ccc0  set_position            
0000cbd0  to_string_f1            
0000c8cc  to_string_f2            
0000ce30  to_string_int           
0000c604  trata_RX                
0000025c  tx_index                
0000023c  vol_t                   
0000caba  wait                    
0000cfd6  write_clear             
0000cff2  write_data              
0000d0a8  write_string            


GLOBAL SYMBOLS: SORTED BY Symbol Address 

address   name                    
-------   ----                    
00000000  IE1                     
00000001  IE2                     
00000002  IFG1                    
00000003  IFG2                    
00000010  P3REN                   
00000018  P3IN                    
00000019  P3OUT                   
0000001a  P3DIR                   
0000001b  P3SEL                   
00000020  P1IN                    
00000021  P1OUT                   
00000022  P1DIR                   
00000023  P1IFG                   
00000024  P1IES                   
00000025  P1IE                    
00000026  P1SEL                   
00000027  P1REN                   
00000028  P2IN                    
00000029  P2OUT                   
0000002a  P2DIR                   
0000002b  P2IFG                   
0000002c  P2IES                   
0000002d  P2IE                    
0000002e  P2SEL                   
0000002f  P2REN                   
00000041  P1SEL2                  
00000042  P2SEL2                  
00000043  P3SEL2                  
00000048  ADC10DTC0               
00000049  ADC10DTC1               
0000004a  ADC10AE0                
00000050  __STACK_SIZE            
00000053  BCSCTL3                 
00000056  DCOCTL                  
00000057  BCSCTL1                 
00000058  BCSCTL2                 
00000059  CACTL1                  
0000005a  CACTL2                  
0000005b  CAPD                    
0000005d  UCA0ABCTL               
0000005e  UCA0IRTCTL              
0000005f  UCA0IRRCTL              
00000060  UCA0CTL0                
00000061  UCA0CTL1                
00000062  UCA0BR0                 
00000063  UCA0BR1                 
00000064  UCA0MCTL                
00000065  UCA0STAT                
00000066  UCA0RXBUF               
00000067  UCA0TXBUF               
00000068  UCB0CTL0                
00000069  UCB0CTL1                
0000006a  UCB0BR0                 
0000006b  UCB0BR1                 
0000006c  UCB0I2CIE               
0000006d  UCB0STAT                
0000006e  UCB0RXBUF               
0000006f  UCB0TXBUF               
00000118  UCB0I2COA               
0000011a  UCB0I2CSA               
0000011e  TA1IV                   
00000120  WDTCTL                  
00000128  FCTL1                   
0000012a  FCTL2                   
0000012c  FCTL3                   
0000012e  TA0IV                   
00000160  TA0CTL                  
00000162  TA0CCTL0                
00000164  TA0CCTL1                
00000166  TA0CCTL2                
00000170  TA0R                    
00000172  TA0CCR0                 
00000174  TA0CCR1                 
00000176  TA0CCR2                 
00000180  TA1CTL                  
00000182  TA1CCTL0                
00000184  TA1CCTL1                
00000186  TA1CCTL2                
00000190  TA1R                    
00000192  TA1CCR0                 
00000194  TA1CCR1                 
00000196  TA1CCR2                 
000001b0  ADC10CTL0               
000001b2  ADC10CTL1               
000001b4  ADC10MEM                
000001bc  ADC10SA                 
00000200  TX_DATA                 
00000220  RX_DATA                 
00000230  buffer                  
00000236  rx_index                
00000238  seg                     
00000239  min                     
0000023a  hora                    
0000023b  dia                     
0000023c  vol_t                   
00000244  fluxo_m                 
0000024c  fluxo_M                 
00000254  fluxo                   
0000025c  tx_index                
0000025d  flag                    
0000025e  n_amostra               
000003b0  _stack                  
00000400  __STACK_END             
000010c0  TLV_CHECKSUM            
000010da  TLV_ADC10_1_TAG         
000010db  TLV_ADC10_1_LEN         
000010f6  TLV_DCO_30_TAG          
000010f7  TLV_DCO_30_LEN          
000010f8  CALDCO_16MHZ            
000010f9  CALBC1_16MHZ            
000010fa  CALDCO_12MHZ            
000010fb  CALBC1_12MHZ            
000010fc  CALDCO_8MHZ             
000010fd  CALBC1_8MHZ             
000010fe  CALDCO_1MHZ             
000010ff  CALBC1_1MHZ             
0000c000  __TI_frcmpyd            
0000c286  __mspabi_mpyd           
0000c4f4  ini_display             
0000c604  trata_RX                
0000c70a  monta_String_TX         
0000c7f4  RTI_Timer_A0            
0000c8cc  to_string_f2            
0000c95c  __TI_decompress_lzss    
0000c9d8  __mspabi_fixdul         
0000ca4c  _auto_init              
0000caba  wait                    
0000cb1a  __mspabi_srll_15        
0000cb20  __mspabi_srll_14        
0000cb26  __mspabi_srll_13        
0000cb2c  __mspabi_srll_12        
0000cb32  __mspabi_srll_11        
0000cb38  __mspabi_srll_10        
0000cb3e  __mspabi_srll_9         
0000cb44  __mspabi_srll_8         
0000cb4a  __mspabi_srll_7         
0000cb50  __mspabi_srll_6         
0000cb56  __mspabi_srll_5         
0000cb5c  __mspabi_srll_4         
0000cb62  __mspabi_srll_3         
0000cb68  __mspabi_srll_2         
0000cb6e  __mspabi_srll_1         
0000cb76  copy_in                 
0000cbd0  to_string_f1            
0000cc28  __mspabi_srli           
0000cc36  __mspabi_srli_15        
0000cc3a  __mspabi_srli_14        
0000cc3e  __mspabi_srli_13        
0000cc42  __mspabi_srli_12        
0000cc46  __mspabi_srli_11        
0000cc4a  __mspabi_srli_10        
0000cc4e  __mspabi_srli_9         
0000cc52  __mspabi_srli_8         
0000cc56  __mspabi_srli_7         
0000cc5a  __mspabi_srli_6         
0000cc5e  __mspabi_srli_5         
0000cc62  __mspabi_srli_4         
0000cc66  __mspabi_srli_3         
0000cc6a  __mspabi_srli_2         
0000cc6e  __mspabi_srli_1         
0000cc74  send_comand             
0000ccc0  set_position            
0000cd06  __mspabi_sral_15        
0000cd0a  __mspabi_sral_14        
0000cd0e  __mspabi_sral_13        
0000cd12  __mspabi_sral_12        
0000cd16  __mspabi_sral_11        
0000cd1a  __mspabi_sral_10        
0000cd1e  __mspabi_sral_9         
0000cd22  __mspabi_sral_8         
0000cd26  __mspabi_sral_7         
0000cd2a  __mspabi_sral_6         
0000cd2e  __mspabi_sral_5         
0000cd32  __mspabi_sral_4         
0000cd36  __mspabi_sral_3         
0000cd3a  __mspabi_sral_2         
0000cd3e  __mspabi_sral_1         
0000cd44  __mspabi_slll_15        
0000cd48  __mspabi_slll_14        
0000cd4c  __mspabi_slll_13        
0000cd50  __mspabi_slll_12        
0000cd54  __mspabi_slll_11        
0000cd58  __mspabi_slll_10        
0000cd5c  __mspabi_slll_9         
0000cd60  __mspabi_slll_8         
0000cd64  __mspabi_slll_7         
0000cd68  __mspabi_slll_6         
0000cd6c  __mspabi_slll_5         
0000cd70  __mspabi_slll_4         
0000cd74  __mspabi_slll_3         
0000cd78  __mspabi_slll_2         
0000cd7c  __mspabi_slll_1         
0000cd82  send_data               
0000cdc0  RTI_UART_RX             
0000cdfa  ini_UART                
0000ce30  to_string_int           
0000ce64  ini_LCD                 
0000ce94  __mspabi_srai           
0000cea0  __mspabi_srai_15        
0000cea2  __mspabi_srai_14        
0000cea4  __mspabi_srai_13        
0000cea6  __mspabi_srai_12        
0000cea8  __mspabi_srai_11        
0000ceaa  __mspabi_srai_10        
0000ceac  __mspabi_srai_9         
0000ceae  __mspabi_srai_8         
0000ceb0  __mspabi_srai_7         
0000ceb2  __mspabi_srai_6         
0000ceb4  __mspabi_srai_5         
0000ceb6  __mspabi_srai_4         
0000ceb8  __mspabi_srai_3         
0000ceba  __mspabi_srai_2         
0000cebc  __mspabi_srai_1         
0000cec0  __mspabi_divi           
0000cec0  __mspabi_remi           
0000ceec  __mspabi_slli           
0000cef8  __mspabi_slli_15        
0000cefa  __mspabi_slli_14        
0000cefc  __mspabi_slli_13        
0000cefe  __mspabi_slli_12        
0000cf00  __mspabi_slli_11        
0000cf02  __mspabi_slli_10        
0000cf04  __mspabi_slli_9         
0000cf06  __mspabi_slli_8         
0000cf08  __mspabi_slli_7         
0000cf0a  __mspabi_slli_6         
0000cf0c  __mspabi_slli_5         
0000cf0e  __mspabi_slli_4         
0000cf10  __mspabi_slli_3         
0000cf12  __mspabi_slli_2         
0000cf14  __mspabi_slli_1         
0000cf18  ini_P1_P2               
0000cf42  RTI_UART_TX             
0000cf6a  RTI_P1                  
0000cf90  __mspabi_mpyl           
0000cf90  __mspabi_mpyl_sw        
0000cfb6  ini_uCon                
0000cfd6  write_clear             
0000cff2  write_data              
0000d00e  _c_int00_noargs_noexit  
0000d028  main                    
0000d042  __mspabi_divu           
0000d042  __mspabi_remu           
0000d058  __TI_zero_init          
0000d06c  ini_TA0_Amostra         
0000d080  ini_TA0_Debounced       
0000d094  __mspabi_mpyi           
0000d094  __mspabi_mpyi_sw        
0000d0a8  write_string            
0000d0bc  __mspabi_fixdu          
0000d0ce  __TI_decompress_none    
0000d0e0  __mspabi_srll           
0000d0f2  memcpy                  
0000d104  __mspabi_func_epilog_7  
0000d106  __mspabi_func_epilog_6  
0000d108  __mspabi_func_epilog_5  
0000d10a  __mspabi_func_epilog_4  
0000d10c  __mspabi_func_epilog_3  
0000d10e  __mspabi_func_epilog_2  
0000d110  __mspabi_func_epilog_1  
0000d114  __TI_ISR_TRAP           
0000d11c  C$$EXIT                 
0000d11c  abort                   
0000d122  _system_pre_init        
0000d126  _system_post_cinit      
0000d15a  __TI_Handler_Table_Base 
0000d160  __TI_Handler_Table_Limit
0000d164  __TI_CINIT_Base         
0000d16c  __TI_CINIT_Limit        
0000ffe0  __TI_int00              
0000ffe4  __TI_int02              
0000ffe6  __TI_int03              
0000ffea  __TI_int05              
0000ffec  __TI_int06              
0000ffee  __TI_int07              
0000fff0  __TI_int08              
0000fff2  __TI_int09              
0000fff4  __TI_int10              
0000fff6  __TI_int11              
0000fff8  __TI_int12              
0000fffa  __TI_int13              
0000fffc  __TI_int14              
0000fffe  _reset_vector           
ffffffff  __TI_pprof_out_hndl     
ffffffff  __TI_prof_data_size     
ffffffff  __TI_prof_data_start    
ffffffff  __c_args__              
UNDEFED   __TI_BINIT_Base         
UNDEFED   __TI_BINIT_Limit        
UNDEFED   __TI_INITARRAY_Base     
UNDEFED   __TI_INITARRAY_Limit    

[291 symbols]
