******************************************************************************
                  MSP430 Linker PC v16.9.1                     
******************************************************************************
>> Linked Thu Jul 06 15:46:16 2017

OUTPUT FILE NAME:   <Aqua2.0.out>
ENTRY POINT SYMBOL: "_c_int00_noargs_noexit"  address: 0000e0b6


MEMORY CONFIGURATION

         name            origin    length      used     unused   attr    fill
----------------------  --------  ---------  --------  --------  ----  --------
  SFR                   00000000   00000010  00000000  00000010  RWIX
  PERIPHERALS_8BIT      00000010   000000f0  00000000  000000f0  RWIX
  PERIPHERALS_16BIT     00000100   00000100  00000000  00000100  RWIX
  RAM                   00000200   00000200  000000ba  00000146  RWIX
  INFOD                 00001000   00000040  00000000  00000040  RWIX
  INFOC                 00001040   00000040  00000000  00000040  RWIX
  INFOB                 00001080   00000040  00000000  00000040  RWIX
  INFOA                 000010c0   00000040  00000000  00000040  RWIX
  FLASH                 0000c000   00003fde  0000220c  00001dd2  RWIX
  BSLSIGNATURE          0000ffde   00000002  00000002  00000000  RWIX  ffff 
  INT00                 0000ffe0   00000002  00000002  00000000  RWIX
  INT01                 0000ffe2   00000002  00000000  00000002  RWIX
  INT02                 0000ffe4   00000002  00000002  00000000  RWIX
  INT03                 0000ffe6   00000002  00000002  00000000  RWIX
  INT04                 0000ffe8   00000002  00000000  00000002  RWIX
  INT05                 0000ffea   00000002  00000002  00000000  RWIX
  INT06                 0000ffec   00000002  00000002  00000000  RWIX
  INT07                 0000ffee   00000002  00000002  00000000  RWIX
  INT08                 0000fff0   00000002  00000002  00000000  RWIX
  INT09                 0000fff2   00000002  00000002  00000000  RWIX
  INT10                 0000fff4   00000002  00000002  00000000  RWIX
  INT11                 0000fff6   00000002  00000002  00000000  RWIX
  INT12                 0000fff8   00000002  00000002  00000000  RWIX
  INT13                 0000fffa   00000002  00000002  00000000  RWIX
  INT14                 0000fffc   00000002  00000002  00000000  RWIX
  RESET                 0000fffe   00000002  00000002  00000000  RWIX


SECTION ALLOCATION MAP

 output                                  attributes/
section   page    origin      length       input sections
--------  ----  ----------  ----------   ----------------
.bss       0    00000200    00000036     UNINITIALIZED
                  00000200    00000020     (.common:TX_DATA)
                  00000220    00000010     (.common:RX_DATA)
                  00000230    00000006     (.common:buffer)

.data      0    00000236    00000034     UNINITIALIZED
                  00000236    00000034     main.obj (.data)

.stack     0    000003b0    00000050     UNINITIALIZED
                  000003b0    00000002     rts430_eabi.lib : boot.obj (.stack)
                  000003b2    0000004e     --HOLE--

.text      0    0000c000    000021da     
                  0000c000    00000480     rts430_eabi.lib : frcdivd.obj (.text:__TI_frcdivd)
                  0000c480    000002e8                     : addd.obj (.text:__mspabi_addd)
                  0000c768    00000286                     : frcmpyd.obj (.text:__TI_frcmpyd)
                  0000c9ee    0000026e                     : mpyd.obj (.text:__mspabi_mpyd)
                  0000cc5c    00000260                     : frcaddd.obj (.text:__TI_frcaddd)
                  0000cebc    00000238                     : divd.obj (.text:__mspabi_divd)
                  0000d0f4    000001ba     main.obj (.text:TIMER0_A0_ISR_HOOK)
                  0000d2ae    00000110     main.obj (.text:ini_display)
                  0000d3be    00000106     main.obj (.text:trata_RX)
                  0000d4c4    000000ea     main.obj (.text:monta_String_TX)
                  0000d5ae    000000dc     rts430_eabi.lib : cmpd.obj (.text:__mspabi_cmpd)
                  0000d68a    000000be                     : renormd.obj (.text:__TI_renormd)
                  0000d748    00000090     main.obj (.text:to_string_f2)
                  0000d7d8    0000008a     main.obj (.text:TIMER1_A1_ISR_HOOK)
                  0000d862    0000008a     rts430_eabi.lib : fltuld.obj (.text:__mspabi_fltuld)
                  0000d8ec    0000007c                     : copy_decompress_lzss.obj (.text:decompress:lzss:__TI_decompress_lzss)
                  0000d968    00000074                     : fixdul.obj (.text:__mspabi_fixdul)
                  0000d9dc    0000006e                     : autoinit.obj (.text:_auto_init)
                  0000da4a    00000060     main.obj (.text:to_string_f1)
                  0000daaa    00000060     LCD.obj (.text:wait)
                  0000db0a    0000005c     rts430_eabi.lib : lsr32.obj (.text:l_lsr_const)
                  0000db66    0000005a                     : cpy_tbl.obj (.text:copy_in)
                  0000dbc0    00000058                     : div32u.obj (.text)
                  0000dc18    0000004c                     : lsr16.obj (.text)
                  0000dc64    0000004c     LCD.obj (.text:send_comand)
                  0000dcb0    00000046     LCD.obj (.text:set_position)
                  0000dcf6    00000040     main.obj (.text:main)
                  0000dd36    0000003e     rts430_eabi.lib : asr32.obj (.text:l_asr_const)
                  0000dd74    0000003e                     : lsl32.obj (.text:l_lsl_const)
                  0000ddb2    0000003e     LCD.obj (.text:send_data)
                  0000ddf0    0000003c     main.obj (.text:GPIO_config)
                  0000de2c    0000003a     main.obj (.text:RTI_UART_RX)
                  0000de66    00000036     main.obj (.text:Configura_Debouncer)
                  0000de9c    00000036     main.obj (.text:UART_config)
                  0000ded2    00000034     main.obj (.text:BCS_config)
                  0000df06    00000034     main.obj (.text:to_string_int)
                  0000df3a    00000030     LCD.obj (.text:ini_LCD)
                  0000df6a    0000002c     rts430_eabi.lib : asr16.obj (.text)
                  0000df96    0000002c                     : div16s.obj (.text)
                  0000dfc2    0000002c                     : lsl16.obj (.text)
                  0000dfee    00000028     main.obj (.text:RTI_UART_TX)
                  0000e016    00000026     rts430_eabi.lib : mult32.obj (.text)
                  0000e03c    00000022     main.obj (.text:RTI_P1)
                  0000e05e    00000020     main.obj (.text:TIMER0_config)
                  0000e07e    0000001c     LCD.obj (.text:write_clear)
                  0000e09a    0000001c     LCD.obj (.text:write_data)
                  0000e0b6    0000001a     rts430_eabi.lib : boot_special.obj (.text:_c_int00_noargs_noexit)
                  0000e0d0    00000018     main.obj (.text:TIMER1_config)
                  0000e0e8    00000016     rts430_eabi.lib : div16u.obj (.text)
                  0000e0fe    00000014                     : copy_zero_init.obj (.text:decompress:ZI:__TI_zero_init)
                  0000e112    00000014                     : mult16.obj (.text)
                  0000e126    00000014     LCD.obj (.text:write_string)
                  0000e13a    00000012     rts430_eabi.lib : fixdu.obj (.text:__mspabi_fixdu)
                  0000e14c    00000012                     : copy_decompress_none.obj (.text:decompress:none:__TI_decompress_none)
                  0000e15e    00000012                     : lsr32.obj (.text:l_lsr)
                  0000e170    00000012                     : memcpy.obj (.text:memcpy)
                  0000e182    00000010                     : asr32.obj (.text:l_asr)
                  0000e192    00000010                     : lsl32.obj (.text:l_lsl)
                  0000e1a2    00000010                     : epilog.obj (.text)
                  0000e1b2    0000000e     main.obj (.text:Configura_ModoCaptura)
                  0000e1c0    00000008     rts430_eabi.lib : isr_trap.obj (.text:_isr:__TI_ISR_TRAP)
                  0000e1c8    00000006                     : fltud.obj (.text:__mspabi_fltud)
                  0000e1ce    00000006                     : exit.obj (.text:abort)
                  0000e1d4    00000004                     : pre_init.obj (.text:_system_pre_init)
                  0000e1d8    00000002                     : startup.obj (.text:_system_post_cinit)

.binit     0    0000c000    00000000     

.const     0    0000e1da    00000018     
                  0000e1da    00000012     main.obj (.const:.string)
                  0000e1ec    00000006     main.obj (.const)

.cinit     0    0000e1f2    0000001a     
                  0000e1f2    00000008     (.cinit..data.load) [load image, compression = lzss]
                  0000e1fa    00000006     (__TI_handler_table)
                  0000e200    00000004     (.cinit..bss.load) [load image, compression = zero_init]
                  0000e204    00000008     (__TI_cinit_table)

.init_array 
*          0    0000c000    00000000     UNINITIALIZED

TRAPINT    0    0000ffe0    00000002     
                  0000ffe0    00000002     rts430_eabi.lib : int00.obj (.int00)

PORT1      0    0000ffe4    00000002     
                  0000ffe4    00000002     main.obj (.int02)

PORT2      0    0000ffe6    00000002     
                  0000ffe6    00000002     rts430_eabi.lib : int03.obj (.int03)

$fill000   0    0000ffde    00000002     
                  0000ffde    00000002     --HOLE-- [fill = ffff]

ADC10      0    0000ffea    00000002     
                  0000ffea    00000002     rts430_eabi.lib : int05.obj (.int05)

USCIAB0TX 
*          0    0000ffec    00000002     
                  0000ffec    00000002     main.obj (.int06)

USCIAB0RX 
*          0    0000ffee    00000002     
                  0000ffee    00000002     main.obj (.int07)

TIMER0_A1 
*          0    0000fff0    00000002     
                  0000fff0    00000002     rts430_eabi.lib : int08.obj (.int08)

TIMER0_A0 
*          0    0000fff2    00000002     
                  0000fff2    00000002     main.obj (.int09)

WDT        0    0000fff4    00000002     
                  0000fff4    00000002     rts430_eabi.lib : int10.obj (.int10)

COMPARATORA 
*          0    0000fff6    00000002     
                  0000fff6    00000002     rts430_eabi.lib : int11.obj (.int11)

TIMER1_A1 
*          0    0000fff8    00000002     
                  0000fff8    00000002     main.obj (.int12)

TIMER1_A0 
*          0    0000fffa    00000002     
                  0000fffa    00000002     rts430_eabi.lib : int13.obj (.int13)

NMI        0    0000fffc    00000002     
                  0000fffc    00000002     rts430_eabi.lib : int14.obj (.int14)

.reset     0    0000fffe    00000002     
                  0000fffe    00000002     rts430_eabi.lib : boot.obj (.reset)

MODULE SUMMARY

       Module                     code   ro data   rw data
       ------                     ----   -------   -------
    .\
       main.obj                   2126   34        106    
       LCD.obj                    428    0         0      
    +--+--------------------------+------+---------+---------+
       Total:                     2554   34        106    
                                                          
    C:\ti\ccsv7\tools\compiler\ti-cgt-msp430_16.9.1.LTS\lib\rts430_eabi.lib
       frcdivd.obj                1152   0         0      
       addd.obj                   744    0         0      
       frcmpyd.obj                646    0         0      
       mpyd.obj                   622    0         0      
       frcaddd.obj                608    0         0      
       divd.obj                   568    0         0      
       cmpd.obj                   220    0         0      
       renormd.obj                190    0         0      
       fltuld.obj                 138    0         0      
       copy_decompress_lzss.obj   124    0         0      
       fixdul.obj                 116    0         0      
       autoinit.obj               110    0         0      
       lsr32.obj                  110    0         0      
       cpy_tbl.obj                90     0         0      
       div32u.obj                 88     0         0      
       asr32.obj                  78     0         0      
       lsl32.obj                  78     0         0      
       lsr16.obj                  76     0         0      
       asr16.obj                  44     0         0      
       div16s.obj                 44     0         0      
       lsl16.obj                  44     0         0      
       mult32.obj                 38     0         0      
       boot_special.obj           26     0         0      
       div16u.obj                 22     0         0      
       copy_zero_init.obj         20     0         0      
       mult16.obj                 20     0         0      
       copy_decompress_none.obj   18     0         0      
       fixdu.obj                  18     0         0      
       memcpy.obj                 18     0         0      
       epilog.obj                 16     0         0      
       isr_trap.obj               8      0         0      
       exit.obj                   6      0         0      
       fltud.obj                  6      0         0      
       pre_init.obj               4      0         0      
       boot.obj                   0      2         0      
       int00.obj                  0      2         0      
       int03.obj                  0      2         0      
       int05.obj                  0      2         0      
       int08.obj                  0      2         0      
       int10.obj                  0      2         0      
       int11.obj                  0      2         0      
       int13.obj                  0      2         0      
       int14.obj                  0      2         0      
       startup.obj                2      0         0      
    +--+--------------------------+------+---------+---------+
       Total:                     6112   18        0      
                                                          
       Stack:                     0      0         80     
       Linker Generated:          0      26        0      
    +--+--------------------------+------+---------+---------+
       Grand Total:               8666   78        186    


LINKER GENERATED COPY TABLES

__TI_cinit_table @ 0000e204 records: 2, size/record: 4, table size: 8
	.data: load addr=0000e1f2, load size=00000008 bytes, run addr=00000236, run size=00000034 bytes, compression=lzss
	.bss: load addr=0000e200, load size=00000004 bytes, run addr=00000200, run size=00000036 bytes, compression=zero_init


LINKER GENERATED HANDLER TABLE

__TI_handler_table @ 0000e1fa records: 3, size/record: 2, table size: 6
	index: 0, handler: __TI_zero_init
	index: 1, handler: __TI_decompress_lzss
	index: 2, handler: __TI_decompress_none


GLOBAL SYMBOLS: SORTED ALPHABETICALLY BY Name 

address   name                    
-------   ----                    
0000004a  ADC10AE0                
000001b0  ADC10CTL0               
000001b2  ADC10CTL1               
00000048  ADC10DTC0               
00000049  ADC10DTC1               
000001b4  ADC10MEM                
000001bc  ADC10SA                 
00000057  BCSCTL1                 
00000058  BCSCTL2                 
00000053  BCSCTL3                 
0000ded2  BCS_config              
0000e1ce  C$$EXIT                 
00000059  CACTL1                  
0000005a  CACTL2                  
000010fb  CALBC1_12MHZ            
000010f9  CALBC1_16MHZ            
000010ff  CALBC1_1MHZ             
000010fd  CALBC1_8MHZ             
000010fa  CALDCO_12MHZ            
000010f8  CALDCO_16MHZ            
000010fe  CALDCO_1MHZ             
000010fc  CALDCO_8MHZ             
0000005b  CAPD                    
0000de66  Configura_Debouncer     
0000e1b2  Configura_ModoCaptura   
00000056  DCOCTL                  
00000236  DD                      
00000128  FCTL1                   
0000012a  FCTL2                   
0000012c  FCTL3                   
0000ddf0  GPIO_config             
00000237  HH                      
00000000  IE1                     
00000001  IE2                     
00000002  IFG1                    
00000003  IFG2                    
00000238  MM                      
00000022  P1DIR                   
00000025  P1IE                    
00000024  P1IES                   
00000023  P1IFG                   
00000020  P1IN                    
00000021  P1OUT                   
00000027  P1REN                   
00000026  P1SEL                   
00000041  P1SEL2                  
0000002a  P2DIR                   
0000002d  P2IE                    
0000002c  P2IES                   
0000002b  P2IFG                   
00000028  P2IN                    
00000029  P2OUT                   
0000002f  P2REN                   
0000002e  P2SEL                   
00000042  P2SEL2                  
0000001a  P3DIR                   
00000018  P3IN                    
00000019  P3OUT                   
00000010  P3REN                   
0000001b  P3SEL                   
00000043  P3SEL2                  
0000e03c  RTI_P1                  
0000de2c  RTI_UART_RX             
0000dfee  RTI_UART_TX             
00000220  RX_DATA                 
00000239  SS                      
0000023a  Stt_R                   
00000172  TA0CCR0                 
00000174  TA0CCR1                 
00000176  TA0CCR2                 
00000162  TA0CCTL0                
00000164  TA0CCTL1                
00000166  TA0CCTL2                
00000160  TA0CTL                  
0000012e  TA0IV                   
00000170  TA0R                    
00000192  TA1CCR0                 
00000194  TA1CCR1                 
00000196  TA1CCR2                 
00000182  TA1CCTL0                
00000184  TA1CCTL1                
00000186  TA1CCTL2                
00000180  TA1CTL                  
0000011e  TA1IV                   
00000190  TA1R                    
0000d0f4  TIMER0_A0_ISR_HOOK      
0000e05e  TIMER0_config           
0000d7d8  TIMER1_A1_ISR_HOOK      
0000e0d0  TIMER1_config           
000010db  TLV_ADC10_1_LEN         
000010da  TLV_ADC10_1_TAG         
000010c0  TLV_CHECKSUM            
000010f7  TLV_DCO_30_LEN          
000010f6  TLV_DCO_30_TAG          
00000200  TX_DATA                 
0000de9c  UART_config             
0000005d  UCA0ABCTL               
00000062  UCA0BR0                 
00000063  UCA0BR1                 
00000060  UCA0CTL0                
00000061  UCA0CTL1                
0000005f  UCA0IRRCTL              
0000005e  UCA0IRTCTL              
00000064  UCA0MCTL                
00000066  UCA0RXBUF               
00000065  UCA0STAT                
00000067  UCA0TXBUF               
0000006a  UCB0BR0                 
0000006b  UCB0BR1                 
00000068  UCB0CTL0                
00000069  UCB0CTL1                
0000006c  UCB0I2CIE               
00000118  UCB0I2COA               
0000011a  UCB0I2CSA               
0000006e  UCB0RXBUF               
0000006d  UCB0STAT                
0000006f  UCB0TXBUF               
0000025c  VOL_T                   
00000120  WDTCTL                  
00000400  __STACK_END             
00000050  __STACK_SIZE            
UNDEFED   __TI_BINIT_Base         
UNDEFED   __TI_BINIT_Limit        
0000e204  __TI_CINIT_Base         
0000e20c  __TI_CINIT_Limit        
0000e1fa  __TI_Handler_Table_Base 
0000e200  __TI_Handler_Table_Limit
UNDEFED   __TI_INITARRAY_Base     
UNDEFED   __TI_INITARRAY_Limit    
0000e1c0  __TI_ISR_TRAP           
0000d8ec  __TI_decompress_lzss    
0000e14c  __TI_decompress_none    
0000cc5c  __TI_frcaddd            
0000c000  __TI_frcdivd            
0000c768  __TI_frcmpyd            
0000ffe0  __TI_int00              
0000ffe4  __TI_int02              
0000ffe6  __TI_int03              
0000ffea  __TI_int05              
0000ffec  __TI_int06              
0000ffee  __TI_int07              
0000fff0  __TI_int08              
0000fff2  __TI_int09              
0000fff4  __TI_int10              
0000fff6  __TI_int11              
0000fff8  __TI_int12              
0000fffa  __TI_int13              
0000fffc  __TI_int14              
ffffffff  __TI_pprof_out_hndl     
ffffffff  __TI_prof_data_size     
ffffffff  __TI_prof_data_start    
0000d68a  __TI_renormd            
0000e0fe  __TI_zero_init          
ffffffff  __c_args__              
0000c480  __mspabi_addd           
0000d5ae  __mspabi_cmpd           
0000cebc  __mspabi_divd           
0000df96  __mspabi_divi           
0000e0e8  __mspabi_divu           
0000dbc0  __mspabi_divul          
0000e13a  __mspabi_fixdu          
0000d968  __mspabi_fixdul         
0000e1c8  __mspabi_fltud          
0000d862  __mspabi_fltuld         
0000e1ae  __mspabi_func_epilog_1  
0000e1ac  __mspabi_func_epilog_2  
0000e1aa  __mspabi_func_epilog_3  
0000e1a8  __mspabi_func_epilog_4  
0000e1a6  __mspabi_func_epilog_5  
0000e1a4  __mspabi_func_epilog_6  
0000e1a2  __mspabi_func_epilog_7  
0000c9ee  __mspabi_mpyd           
0000e112  __mspabi_mpyi           
0000e112  __mspabi_mpyi_sw        
0000e016  __mspabi_mpyl           
0000e016  __mspabi_mpyl_sw        
0000df96  __mspabi_remi           
0000e0e8  __mspabi_remu           
0000dbc0  __mspabi_remul          
0000dfc2  __mspabi_slli           
0000dfea  __mspabi_slli_1         
0000dfd8  __mspabi_slli_10        
0000dfd6  __mspabi_slli_11        
0000dfd4  __mspabi_slli_12        
0000dfd2  __mspabi_slli_13        
0000dfd0  __mspabi_slli_14        
0000dfce  __mspabi_slli_15        
0000dfe8  __mspabi_slli_2         
0000dfe6  __mspabi_slli_3         
0000dfe4  __mspabi_slli_4         
0000dfe2  __mspabi_slli_5         
0000dfe0  __mspabi_slli_6         
0000dfde  __mspabi_slli_7         
0000dfdc  __mspabi_slli_8         
0000dfda  __mspabi_slli_9         
0000e192  __mspabi_slll           
0000ddac  __mspabi_slll_1         
0000dd88  __mspabi_slll_10        
0000dd84  __mspabi_slll_11        
0000dd80  __mspabi_slll_12        
0000dd7c  __mspabi_slll_13        
0000dd78  __mspabi_slll_14        
0000dd74  __mspabi_slll_15        
0000dda8  __mspabi_slll_2         
0000dda4  __mspabi_slll_3         
0000dda0  __mspabi_slll_4         
0000dd9c  __mspabi_slll_5         
0000dd98  __mspabi_slll_6         
0000dd94  __mspabi_slll_7         
0000dd90  __mspabi_slll_8         
0000dd8c  __mspabi_slll_9         
0000df6a  __mspabi_srai           
0000df92  __mspabi_srai_1         
0000df80  __mspabi_srai_10        
0000df7e  __mspabi_srai_11        
0000df7c  __mspabi_srai_12        
0000df7a  __mspabi_srai_13        
0000df78  __mspabi_srai_14        
0000df76  __mspabi_srai_15        
0000df90  __mspabi_srai_2         
0000df8e  __mspabi_srai_3         
0000df8c  __mspabi_srai_4         
0000df8a  __mspabi_srai_5         
0000df88  __mspabi_srai_6         
0000df86  __mspabi_srai_7         
0000df84  __mspabi_srai_8         
0000df82  __mspabi_srai_9         
0000e182  __mspabi_sral           
0000dd6e  __mspabi_sral_1         
0000dd4a  __mspabi_sral_10        
0000dd46  __mspabi_sral_11        
0000dd42  __mspabi_sral_12        
0000dd3e  __mspabi_sral_13        
0000dd3a  __mspabi_sral_14        
0000dd36  __mspabi_sral_15        
0000dd6a  __mspabi_sral_2         
0000dd66  __mspabi_sral_3         
0000dd62  __mspabi_sral_4         
0000dd5e  __mspabi_sral_5         
0000dd5a  __mspabi_sral_6         
0000dd56  __mspabi_sral_7         
0000dd52  __mspabi_sral_8         
0000dd4e  __mspabi_sral_9         
0000dc18  __mspabi_srli           
0000dc5e  __mspabi_srli_1         
0000dc3a  __mspabi_srli_10        
0000dc36  __mspabi_srli_11        
0000dc32  __mspabi_srli_12        
0000dc2e  __mspabi_srli_13        
0000dc2a  __mspabi_srli_14        
0000dc26  __mspabi_srli_15        
0000dc5a  __mspabi_srli_2         
0000dc56  __mspabi_srli_3         
0000dc52  __mspabi_srli_4         
0000dc4e  __mspabi_srli_5         
0000dc4a  __mspabi_srli_6         
0000dc46  __mspabi_srli_7         
0000dc42  __mspabi_srli_8         
0000dc3e  __mspabi_srli_9         
0000e15e  __mspabi_srll           
0000db5e  __mspabi_srll_1         
0000db28  __mspabi_srll_10        
0000db22  __mspabi_srll_11        
0000db1c  __mspabi_srll_12        
0000db16  __mspabi_srll_13        
0000db10  __mspabi_srll_14        
0000db0a  __mspabi_srll_15        
0000db58  __mspabi_srll_2         
0000db52  __mspabi_srll_3         
0000db4c  __mspabi_srll_4         
0000db46  __mspabi_srll_5         
0000db40  __mspabi_srll_6         
0000db3a  __mspabi_srll_7         
0000db34  __mspabi_srll_8         
0000db2e  __mspabi_srll_9         
0000d9dc  _auto_init              
0000e0b6  _c_int00_noargs_noexit  
0000fffe  _reset_vector           
000003b0  _stack                  
0000e1d8  _system_post_cinit      
0000e1d4  _system_pre_init        
0000e1ce  abort                   
00000230  buffer                  
00000240  contador_ciclos         
0000db66  copy_in                 
00000244  fluxo                   
00000254  fluxo_max               
0000024c  fluxo_med               
0000df3a  ini_LCD                 
0000d2ae  ini_display             
00000268  k                       
0000dcf6  main                    
0000e170  memcpy                  
0000d4c4  monta_String_TX         
0000023c  num_pulsos              
00000265  rx_index                
0000dc64  send_comand             
0000ddb2  send_data               
0000dcb0  set_position            
00000266  tempo_seg               
0000da4a  to_string_f1            
0000d748  to_string_f2            
0000df06  to_string_int           
0000d3be  trata_RX                
00000264  tx_index                
0000daaa  wait                    
0000e07e  write_clear             
0000e09a  write_data              
0000e126  write_string            


GLOBAL SYMBOLS: SORTED BY Symbol Address 

address   name                    
-------   ----                    
00000000  IE1                     
00000001  IE2                     
00000002  IFG1                    
00000003  IFG2                    
00000010  P3REN                   
00000018  P3IN                    
00000019  P3OUT                   
0000001a  P3DIR                   
0000001b  P3SEL                   
00000020  P1IN                    
00000021  P1OUT                   
00000022  P1DIR                   
00000023  P1IFG                   
00000024  P1IES                   
00000025  P1IE                    
00000026  P1SEL                   
00000027  P1REN                   
00000028  P2IN                    
00000029  P2OUT                   
0000002a  P2DIR                   
0000002b  P2IFG                   
0000002c  P2IES                   
0000002d  P2IE                    
0000002e  P2SEL                   
0000002f  P2REN                   
00000041  P1SEL2                  
00000042  P2SEL2                  
00000043  P3SEL2                  
00000048  ADC10DTC0               
00000049  ADC10DTC1               
0000004a  ADC10AE0                
00000050  __STACK_SIZE            
00000053  BCSCTL3                 
00000056  DCOCTL                  
00000057  BCSCTL1                 
00000058  BCSCTL2                 
00000059  CACTL1                  
0000005a  CACTL2                  
0000005b  CAPD                    
0000005d  UCA0ABCTL               
0000005e  UCA0IRTCTL              
0000005f  UCA0IRRCTL              
00000060  UCA0CTL0                
00000061  UCA0CTL1                
00000062  UCA0BR0                 
00000063  UCA0BR1                 
00000064  UCA0MCTL                
00000065  UCA0STAT                
00000066  UCA0RXBUF               
00000067  UCA0TXBUF               
00000068  UCB0CTL0                
00000069  UCB0CTL1                
0000006a  UCB0BR0                 
0000006b  UCB0BR1                 
0000006c  UCB0I2CIE               
0000006d  UCB0STAT                
0000006e  UCB0RXBUF               
0000006f  UCB0TXBUF               
00000118  UCB0I2COA               
0000011a  UCB0I2CSA               
0000011e  TA1IV                   
00000120  WDTCTL                  
00000128  FCTL1                   
0000012a  FCTL2                   
0000012c  FCTL3                   
0000012e  TA0IV                   
00000160  TA0CTL                  
00000162  TA0CCTL0                
00000164  TA0CCTL1                
00000166  TA0CCTL2                
00000170  TA0R                    
00000172  TA0CCR0                 
00000174  TA0CCR1                 
00000176  TA0CCR2                 
00000180  TA1CTL                  
00000182  TA1CCTL0                
00000184  TA1CCTL1                
00000186  TA1CCTL2                
00000190  TA1R                    
00000192  TA1CCR0                 
00000194  TA1CCR1                 
00000196  TA1CCR2                 
000001b0  ADC10CTL0               
000001b2  ADC10CTL1               
000001b4  ADC10MEM                
000001bc  ADC10SA                 
00000200  TX_DATA                 
00000220  RX_DATA                 
00000230  buffer                  
00000236  DD                      
00000237  HH                      
00000238  MM                      
00000239  SS                      
0000023a  Stt_R                   
0000023c  num_pulsos              
00000240  contador_ciclos         
00000244  fluxo                   
0000024c  fluxo_med               
00000254  fluxo_max               
0000025c  VOL_T                   
00000264  tx_index                
00000265  rx_index                
00000266  tempo_seg               
00000268  k                       
000003b0  _stack                  
00000400  __STACK_END             
000010c0  TLV_CHECKSUM            
000010da  TLV_ADC10_1_TAG         
000010db  TLV_ADC10_1_LEN         
000010f6  TLV_DCO_30_TAG          
000010f7  TLV_DCO_30_LEN          
000010f8  CALDCO_16MHZ            
000010f9  CALBC1_16MHZ            
000010fa  CALDCO_12MHZ            
000010fb  CALBC1_12MHZ            
000010fc  CALDCO_8MHZ             
000010fd  CALBC1_8MHZ             
000010fe  CALDCO_1MHZ             
000010ff  CALBC1_1MHZ             
0000c000  __TI_frcdivd            
0000c480  __mspabi_addd           
0000c768  __TI_frcmpyd            
0000c9ee  __mspabi_mpyd           
0000cc5c  __TI_frcaddd            
0000cebc  __mspabi_divd           
0000d0f4  TIMER0_A0_ISR_HOOK      
0000d2ae  ini_display             
0000d3be  trata_RX                
0000d4c4  monta_String_TX         
0000d5ae  __mspabi_cmpd           
0000d68a  __TI_renormd            
0000d748  to_string_f2            
0000d7d8  TIMER1_A1_ISR_HOOK      
0000d862  __mspabi_fltuld         
0000d8ec  __TI_decompress_lzss    
0000d968  __mspabi_fixdul         
0000d9dc  _auto_init              
0000da4a  to_string_f1            
0000daaa  wait                    
0000db0a  __mspabi_srll_15        
0000db10  __mspabi_srll_14        
0000db16  __mspabi_srll_13        
0000db1c  __mspabi_srll_12        
0000db22  __mspabi_srll_11        
0000db28  __mspabi_srll_10        
0000db2e  __mspabi_srll_9         
0000db34  __mspabi_srll_8         
0000db3a  __mspabi_srll_7         
0000db40  __mspabi_srll_6         
0000db46  __mspabi_srll_5         
0000db4c  __mspabi_srll_4         
0000db52  __mspabi_srll_3         
0000db58  __mspabi_srll_2         
0000db5e  __mspabi_srll_1         
0000db66  copy_in                 
0000dbc0  __mspabi_divul          
0000dbc0  __mspabi_remul          
0000dc18  __mspabi_srli           
0000dc26  __mspabi_srli_15        
0000dc2a  __mspabi_srli_14        
0000dc2e  __mspabi_srli_13        
0000dc32  __mspabi_srli_12        
0000dc36  __mspabi_srli_11        
0000dc3a  __mspabi_srli_10        
0000dc3e  __mspabi_srli_9         
0000dc42  __mspabi_srli_8         
0000dc46  __mspabi_srli_7         
0000dc4a  __mspabi_srli_6         
0000dc4e  __mspabi_srli_5         
0000dc52  __mspabi_srli_4         
0000dc56  __mspabi_srli_3         
0000dc5a  __mspabi_srli_2         
0000dc5e  __mspabi_srli_1         
0000dc64  send_comand             
0000dcb0  set_position            
0000dcf6  main                    
0000dd36  __mspabi_sral_15        
0000dd3a  __mspabi_sral_14        
0000dd3e  __mspabi_sral_13        
0000dd42  __mspabi_sral_12        
0000dd46  __mspabi_sral_11        
0000dd4a  __mspabi_sral_10        
0000dd4e  __mspabi_sral_9         
0000dd52  __mspabi_sral_8         
0000dd56  __mspabi_sral_7         
0000dd5a  __mspabi_sral_6         
0000dd5e  __mspabi_sral_5         
0000dd62  __mspabi_sral_4         
0000dd66  __mspabi_sral_3         
0000dd6a  __mspabi_sral_2         
0000dd6e  __mspabi_sral_1         
0000dd74  __mspabi_slll_15        
0000dd78  __mspabi_slll_14        
0000dd7c  __mspabi_slll_13        
0000dd80  __mspabi_slll_12        
0000dd84  __mspabi_slll_11        
0000dd88  __mspabi_slll_10        
0000dd8c  __mspabi_slll_9         
0000dd90  __mspabi_slll_8         
0000dd94  __mspabi_slll_7         
0000dd98  __mspabi_slll_6         
0000dd9c  __mspabi_slll_5         
0000dda0  __mspabi_slll_4         
0000dda4  __mspabi_slll_3         
0000dda8  __mspabi_slll_2         
0000ddac  __mspabi_slll_1         
0000ddb2  send_data               
0000ddf0  GPIO_config             
0000de2c  RTI_UART_RX             
0000de66  Configura_Debouncer     
0000de9c  UART_config             
0000ded2  BCS_config              
0000df06  to_string_int           
0000df3a  ini_LCD                 
0000df6a  __mspabi_srai           
0000df76  __mspabi_srai_15        
0000df78  __mspabi_srai_14        
0000df7a  __mspabi_srai_13        
0000df7c  __mspabi_srai_12        
0000df7e  __mspabi_srai_11        
0000df80  __mspabi_srai_10        
0000df82  __mspabi_srai_9         
0000df84  __mspabi_srai_8         
0000df86  __mspabi_srai_7         
0000df88  __mspabi_srai_6         
0000df8a  __mspabi_srai_5         
0000df8c  __mspabi_srai_4         
0000df8e  __mspabi_srai_3         
0000df90  __mspabi_srai_2         
0000df92  __mspabi_srai_1         
0000df96  __mspabi_divi           
0000df96  __mspabi_remi           
0000dfc2  __mspabi_slli           
0000dfce  __mspabi_slli_15        
0000dfd0  __mspabi_slli_14        
0000dfd2  __mspabi_slli_13        
0000dfd4  __mspabi_slli_12        
0000dfd6  __mspabi_slli_11        
0000dfd8  __mspabi_slli_10        
0000dfda  __mspabi_slli_9         
0000dfdc  __mspabi_slli_8         
0000dfde  __mspabi_slli_7         
0000dfe0  __mspabi_slli_6         
0000dfe2  __mspabi_slli_5         
0000dfe4  __mspabi_slli_4         
0000dfe6  __mspabi_slli_3         
0000dfe8  __mspabi_slli_2         
0000dfea  __mspabi_slli_1         
0000dfee  RTI_UART_TX             
0000e016  __mspabi_mpyl           
0000e016  __mspabi_mpyl_sw        
0000e03c  RTI_P1                  
0000e05e  TIMER0_config           
0000e07e  write_clear             
0000e09a  write_data              
0000e0b6  _c_int00_noargs_noexit  
0000e0d0  TIMER1_config           
0000e0e8  __mspabi_divu           
0000e0e8  __mspabi_remu           
0000e0fe  __TI_zero_init          
0000e112  __mspabi_mpyi           
0000e112  __mspabi_mpyi_sw        
0000e126  write_string            
0000e13a  __mspabi_fixdu          
0000e14c  __TI_decompress_none    
0000e15e  __mspabi_srll           
0000e170  memcpy                  
0000e182  __mspabi_sral           
0000e192  __mspabi_slll           
0000e1a2  __mspabi_func_epilog_7  
0000e1a4  __mspabi_func_epilog_6  
0000e1a6  __mspabi_func_epilog_5  
0000e1a8  __mspabi_func_epilog_4  
0000e1aa  __mspabi_func_epilog_3  
0000e1ac  __mspabi_func_epilog_2  
0000e1ae  __mspabi_func_epilog_1  
0000e1b2  Configura_ModoCaptura   
0000e1c0  __TI_ISR_TRAP           
0000e1c8  __mspabi_fltud          
0000e1ce  C$$EXIT                 
0000e1ce  abort                   
0000e1d4  _system_pre_init        
0000e1d8  _system_post_cinit      
0000e1fa  __TI_Handler_Table_Base 
0000e200  __TI_Handler_Table_Limit
0000e204  __TI_CINIT_Base         
0000e20c  __TI_CINIT_Limit        
0000ffe0  __TI_int00              
0000ffe4  __TI_int02              
0000ffe6  __TI_int03              
0000ffea  __TI_int05              
0000ffec  __TI_int06              
0000ffee  __TI_int07              
0000fff0  __TI_int08              
0000fff2  __TI_int09              
0000fff4  __TI_int10              
0000fff6  __TI_int11              
0000fff8  __TI_int12              
0000fffa  __TI_int13              
0000fffc  __TI_int14              
0000fffe  _reset_vector           
ffffffff  __TI_pprof_out_hndl     
ffffffff  __TI_prof_data_size     
ffffffff  __TI_prof_data_start    
ffffffff  __c_args__              
UNDEFED   __TI_BINIT_Base         
UNDEFED   __TI_BINIT_Limit        
UNDEFED   __TI_INITARRAY_Base     
UNDEFED   __TI_INITARRAY_Limit    

[309 symbols]
