******************************************************************************
                  MSP430 Linker PC v16.9.0                     
******************************************************************************
>> Linked Wed Oct 11 10:53:54 2017

OUTPUT FILE NAME:   <APS02_02_PWM_Encoder.out>
ENTRY POINT SYMBOL: "_c_int00_noargs_noexit"  address: 0000dd08


MEMORY CONFIGURATION

         name            origin    length      used     unused   attr    fill
----------------------  --------  ---------  --------  --------  ----  --------
  SFR                   00000000   00000010  00000000  00000010  RWIX
  PERIPHERALS_8BIT      00000010   000000f0  00000000  000000f0  RWIX
  PERIPHERALS_16BIT     00000100   00000100  00000000  00000100  RWIX
  RAM                   00000200   00000200  0000005e  000001a2  RWIX
  INFOD                 00001000   00000040  00000000  00000040  RWIX
  INFOC                 00001040   00000040  00000000  00000040  RWIX
  INFOB                 00001080   00000040  00000000  00000040  RWIX
  INFOA                 000010c0   00000040  00000000  00000040  RWIX
  FLASH                 0000c000   00003fde  00001e38  000021a6  RWIX
  BSLSIGNATURE          0000ffde   00000002  00000002  00000000  RWIX  ffff 
  INT00                 0000ffe0   00000002  00000002  00000000  RWIX
  INT01                 0000ffe2   00000002  00000000  00000002  RWIX
  INT02                 0000ffe4   00000002  00000002  00000000  RWIX
  INT03                 0000ffe6   00000002  00000002  00000000  RWIX
  INT04                 0000ffe8   00000002  00000000  00000002  RWIX
  INT05                 0000ffea   00000002  00000002  00000000  RWIX
  INT06                 0000ffec   00000002  00000002  00000000  RWIX
  INT07                 0000ffee   00000002  00000002  00000000  RWIX
  INT08                 0000fff0   00000002  00000002  00000000  RWIX
  INT09                 0000fff2   00000002  00000002  00000000  RWIX
  INT10                 0000fff4   00000002  00000002  00000000  RWIX
  INT11                 0000fff6   00000002  00000002  00000000  RWIX
  INT12                 0000fff8   00000002  00000002  00000000  RWIX
  INT13                 0000fffa   00000002  00000002  00000000  RWIX
  INT14                 0000fffc   00000002  00000002  00000000  RWIX
  RESET                 0000fffe   00000002  00000002  00000000  RWIX


SECTION ALLOCATION MAP

 output                                  attributes/
section   page    origin      length       input sections
--------  ----  ----------  ----------   ----------------
.data      0    00000200    00000008     UNINITIALIZED
                  00000200    00000008     main.obj (.data)

.bss       0    00000208    00000006     UNINITIALIZED
                  00000208    00000004     (.common:aux)
                  0000020c    00000002     (.common:degrau)

.stack     0    000003b0    00000050     UNINITIALIZED
                  000003b0    00000002     rts430_eabi.lib : boot.obj (.stack)
                  000003b2    0000004e     --HOLE--

.text      0    0000c000    00001e1a     
                  0000c000    00000480     rts430_eabi.lib : frcdivd.obj (.text:__TI_frcdivd)
                  0000c480    000002e8                     : addd.obj (.text:__mspabi_addd)
                  0000c768    000002cc     main.obj (.text:RTI_Timer01_Mod0)
                  0000ca34    00000286     rts430_eabi.lib : frcmpyd.obj (.text:__TI_frcmpyd)
                  0000ccba    0000026e                     : mpyd.obj (.text:__mspabi_mpyd)
                  0000cf28    00000260                     : frcaddd.obj (.text:__TI_frcaddd)
                  0000d188    00000238                     : divd.obj (.text:__mspabi_divd)
                  0000d3c0    000000dc                     : cmpd.obj (.text:__mspabi_cmpd)
                  0000d49c    000000d6     main.obj (.text:ini_TimerA0_PWM)
                  0000d572    000000c4     rts430_eabi.lib : fs_mpy.obj (.text)
                  0000d636    000000be                     : renormd.obj (.text:__TI_renormd)
                  0000d6f4    0000008c                     : cvtdf.obj (.text:__mspabi_cvtdf)
                  0000d780    0000008a                     : fltuld.obj (.text:__mspabi_fltuld)
                  0000d80a    0000007c                     : copy_decompress_lzss.obj (.text:decompress:lzss:__TI_decompress_lzss)
                  0000d886    00000074                     : fixdul.obj (.text:__mspabi_fixdul)
                  0000d8fa    00000072                     : cvtfd.obj (.text:__mspabi_cvtfd)
                  0000d96c    0000006e                     : autoinit.obj (.text:_auto_init)
                  0000d9da    0000005c                     : lsr32.obj (.text:l_lsr_const)
                  0000da36    0000005a                     : cpy_tbl.obj (.text:copy_in)
                  0000da90    0000004c                     : fs_toul.obj (.text)
                  0000dadc    0000004c                     : lsr16.obj (.text)
                  0000db28    00000046                     : fs_tou.obj (.text)
                  0000db6e    0000003e                     : asr32.obj (.text:l_asr_const)
                  0000dbac    0000003e                     : lsl32.obj (.text:l_lsl_const)
                  0000dbea    0000002e                     : subd.obj (.text:__mspabi_subd)
                  0000dc18    0000002e     main.obj (.text:ini_P1_P2)
                  0000dc46    0000002c     rts430_eabi.lib : asr16.obj (.text)
                  0000dc72    0000002c                     : lsl16.obj (.text)
                  0000dc9e    00000026                     : mult32.obj (.text)
                  0000dcc4    00000024                     : fs_utof.obj (.text)
                  0000dce8    00000020     main.obj (.text:uCon)
                  0000dd08    0000001a     rts430_eabi.lib : boot_special.obj (.text:_c_int00_noargs_noexit)
                  0000dd22    00000018     main.obj (.text:main)
                  0000dd3a    00000014     rts430_eabi.lib : copy_zero_init.obj (.text:decompress:ZI:__TI_zero_init)
                  0000dd4e    00000014     main.obj (.text:ini_TimerA1)
                  0000dd62    00000014     rts430_eabi.lib : mult16.obj (.text)
                  0000dd76    00000012     main.obj (.text:RTI_P1)
                  0000dd88    00000012     rts430_eabi.lib : fixdu.obj (.text:__mspabi_fixdu)
                  0000dd9a    00000012                     : copy_decompress_none.obj (.text:decompress:none:__TI_decompress_none)
                  0000ddac    00000012                     : lsr32.obj (.text:l_lsr)
                  0000ddbe    00000012                     : memcpy.obj (.text:memcpy)
                  0000ddd0    00000010                     : asr32.obj (.text:l_asr)
                  0000dde0    00000010                     : lsl32.obj (.text:l_lsl)
                  0000ddf0    00000010                     : epilog.obj (.text)
                  0000de00    00000008                     : isr_trap.obj (.text:_isr:__TI_ISR_TRAP)
                  0000de08    00000006                     : fltud.obj (.text:__mspabi_fltud)
                  0000de0e    00000006                     : exit.obj (.text:abort)
                  0000de14    00000004                     : pre_init.obj (.text:_system_pre_init)
                  0000de18    00000002                     : startup.obj (.text:_system_post_cinit)

.cinit     0    0000de1a    0000001e     
                  0000de1a    0000000c     (.cinit..data.load) [load image]
                  0000de26    00000006     (__TI_handler_table)
                  0000de2c    00000004     (.cinit..bss.load) [load image, compression = zero_init]
                  0000de30    00000008     (__TI_cinit_table)

.binit     0    0000c000    00000000     

.init_array 
*          0    0000c000    00000000     UNINITIALIZED

TRAPINT    0    0000ffe0    00000002     
                  0000ffe0    00000002     rts430_eabi.lib : int00.obj (.int00)

$fill000   0    0000ffde    00000002     
                  0000ffde    00000002     --HOLE-- [fill = ffff]

PORT1      0    0000ffe4    00000002     
                  0000ffe4    00000002     main.obj (.int02)

PORT2      0    0000ffe6    00000002     
                  0000ffe6    00000002     rts430_eabi.lib : int03.obj (.int03)

ADC10      0    0000ffea    00000002     
                  0000ffea    00000002     rts430_eabi.lib : int05.obj (.int05)

USCIAB0TX 
*          0    0000ffec    00000002     
                  0000ffec    00000002     rts430_eabi.lib : int06.obj (.int06)

USCIAB0RX 
*          0    0000ffee    00000002     
                  0000ffee    00000002     rts430_eabi.lib : int07.obj (.int07)

TIMER0_A1 
*          0    0000fff0    00000002     
                  0000fff0    00000002     rts430_eabi.lib : int08.obj (.int08)

TIMER0_A0 
*          0    0000fff2    00000002     
                  0000fff2    00000002     rts430_eabi.lib : int09.obj (.int09)

WDT        0    0000fff4    00000002     
                  0000fff4    00000002     rts430_eabi.lib : int10.obj (.int10)

COMPARATORA 
*          0    0000fff6    00000002     
                  0000fff6    00000002     rts430_eabi.lib : int11.obj (.int11)

TIMER1_A1 
*          0    0000fff8    00000002     
                  0000fff8    00000002     rts430_eabi.lib : int12.obj (.int12)

TIMER1_A0 
*          0    0000fffa    00000002     
                  0000fffa    00000002     main.obj (.int13)

NMI        0    0000fffc    00000002     
                  0000fffc    00000002     rts430_eabi.lib : int14.obj (.int14)

.reset     0    0000fffe    00000002     
                  0000fffe    00000002     rts430_eabi.lib : boot.obj (.reset)

MODULE SUMMARY

       Module                     code   ro data   rw data
       ------                     ----   -------   -------
    .\
       main.obj                   1070   4         14     
    +--+--------------------------+------+---------+---------+
       Total:                     1070   4         14     
                                                          
    C:\ti\ccsv7\tools\compiler\ti-cgt-msp430_16.9.0.LTS\lib\rts430_eabi.lib
       frcdivd.obj                1152   0         0      
       addd.obj                   744    0         0      
       frcmpyd.obj                646    0         0      
       mpyd.obj                   622    0         0      
       frcaddd.obj                608    0         0      
       divd.obj                   568    0         0      
       cmpd.obj                   220    0         0      
       fs_mpy.obj                 196    0         0      
       renormd.obj                190    0         0      
       cvtdf.obj                  140    0         0      
       fltuld.obj                 138    0         0      
       copy_decompress_lzss.obj   124    0         0      
       fixdul.obj                 116    0         0      
       cvtfd.obj                  114    0         0      
       autoinit.obj               110    0         0      
       lsr32.obj                  110    0         0      
       cpy_tbl.obj                90     0         0      
       asr32.obj                  78     0         0      
       lsl32.obj                  78     0         0      
       fs_toul.obj                76     0         0      
       lsr16.obj                  76     0         0      
       fs_tou.obj                 70     0         0      
       subd.obj                   46     0         0      
       asr16.obj                  44     0         0      
       lsl16.obj                  44     0         0      
       mult32.obj                 38     0         0      
       fs_utof.obj                36     0         0      
       boot_special.obj           26     0         0      
       copy_zero_init.obj         20     0         0      
       mult16.obj                 20     0         0      
       copy_decompress_none.obj   18     0         0      
       fixdu.obj                  18     0         0      
       memcpy.obj                 18     0         0      
       epilog.obj                 16     0         0      
       isr_trap.obj               8      0         0      
       exit.obj                   6      0         0      
       fltud.obj                  6      0         0      
       pre_init.obj               4      0         0      
       boot.obj                   0      2         0      
       int00.obj                  0      2         0      
       int03.obj                  0      2         0      
       int05.obj                  0      2         0      
       int06.obj                  0      2         0      
       int07.obj                  0      2         0      
       int08.obj                  0      2         0      
       int09.obj                  0      2         0      
       int10.obj                  0      2         0      
       int11.obj                  0      2         0      
       int12.obj                  0      2         0      
       int14.obj                  0      2         0      
       startup.obj                2      0         0      
    +--+--------------------------+------+---------+---------+
       Total:                     6636   24        0      
                                                          
       Stack:                     0      0         80     
       Linker Generated:          0      30        0      
    +--+--------------------------+------+---------+---------+
       Grand Total:               7706   58        94     


LINKER GENERATED COPY TABLES

__TI_cinit_table @ 0000de30 records: 2, size/record: 4, table size: 8
	.data: load addr=0000de1a, load size=0000000c bytes, run addr=00000200, run size=00000008 bytes, compression=copy
	.bss: load addr=0000de2c, load size=00000004 bytes, run addr=00000208, run size=00000006 bytes, compression=zero_init


LINKER GENERATED HANDLER TABLE

__TI_handler_table @ 0000de26 records: 3, size/record: 2, table size: 6
	index: 0, handler: __TI_zero_init
	index: 1, handler: __TI_decompress_lzss
	index: 2, handler: __TI_decompress_none


GLOBAL SYMBOLS: SORTED ALPHABETICALLY BY Name 

address   name                    
-------   ----                    
0000004a  ADC10AE0                
000001b0  ADC10CTL0               
000001b2  ADC10CTL1               
00000048  ADC10DTC0               
00000049  ADC10DTC1               
000001b4  ADC10MEM                
000001bc  ADC10SA                 
00000057  BCSCTL1                 
00000058  BCSCTL2                 
00000053  BCSCTL3                 
0000de0e  C$$EXIT                 
00000059  CACTL1                  
0000005a  CACTL2                  
000010fb  CALBC1_12MHZ            
000010f9  CALBC1_16MHZ            
000010ff  CALBC1_1MHZ             
000010fd  CALBC1_8MHZ             
000010fa  CALDCO_12MHZ            
000010f8  CALDCO_16MHZ            
000010fe  CALDCO_1MHZ             
000010fc  CALDCO_8MHZ             
0000005b  CAPD                    
00000056  DCOCTL                  
00000128  FCTL1                   
0000012a  FCTL2                   
0000012c  FCTL3                   
00000000  IE1                     
00000001  IE2                     
00000002  IFG1                    
00000003  IFG2                    
00000022  P1DIR                   
00000025  P1IE                    
00000024  P1IES                   
00000023  P1IFG                   
00000020  P1IN                    
00000021  P1OUT                   
00000027  P1REN                   
00000026  P1SEL                   
00000041  P1SEL2                  
0000002a  P2DIR                   
0000002d  P2IE                    
0000002c  P2IES                   
0000002b  P2IFG                   
00000028  P2IN                    
00000029  P2OUT                   
0000002f  P2REN                   
0000002e  P2SEL                   
00000042  P2SEL2                  
0000001a  P3DIR                   
00000018  P3IN                    
00000019  P3OUT                   
00000010  P3REN                   
0000001b  P3SEL                   
00000043  P3SEL2                  
0000dd76  RTI_P1                  
0000c768  RTI_Timer01_Mod0        
00000172  TA0CCR0                 
00000174  TA0CCR1                 
00000176  TA0CCR2                 
00000162  TA0CCTL0                
00000164  TA0CCTL1                
00000166  TA0CCTL2                
00000160  TA0CTL                  
0000012e  TA0IV                   
00000170  TA0R                    
00000192  TA1CCR0                 
00000194  TA1CCR1                 
00000196  TA1CCR2                 
00000182  TA1CCTL0                
00000184  TA1CCTL1                
00000186  TA1CCTL2                
00000180  TA1CTL                  
0000011e  TA1IV                   
00000190  TA1R                    
000010db  TLV_ADC10_1_LEN         
000010da  TLV_ADC10_1_TAG         
000010c0  TLV_CHECKSUM            
000010f7  TLV_DCO_30_LEN          
000010f6  TLV_DCO_30_TAG          
0000005d  UCA0ABCTL               
00000062  UCA0BR0                 
00000063  UCA0BR1                 
00000060  UCA0CTL0                
00000061  UCA0CTL1                
0000005f  UCA0IRRCTL              
0000005e  UCA0IRTCTL              
00000064  UCA0MCTL                
00000066  UCA0RXBUF               
00000065  UCA0STAT                
00000067  UCA0TXBUF               
0000006a  UCB0BR0                 
0000006b  UCB0BR1                 
00000068  UCB0CTL0                
00000069  UCB0CTL1                
0000006c  UCB0I2CIE               
00000118  UCB0I2COA               
0000011a  UCB0I2CSA               
0000006e  UCB0RXBUF               
0000006d  UCB0STAT                
0000006f  UCB0TXBUF               
00000120  WDTCTL                  
00000400  __STACK_END             
00000050  __STACK_SIZE            
UNDEFED   __TI_BINIT_Base         
UNDEFED   __TI_BINIT_Limit        
0000de30  __TI_CINIT_Base         
0000de38  __TI_CINIT_Limit        
0000de26  __TI_Handler_Table_Base 
0000de2c  __TI_Handler_Table_Limit
UNDEFED   __TI_INITARRAY_Base     
UNDEFED   __TI_INITARRAY_Limit    
0000de00  __TI_ISR_TRAP           
0000d80a  __TI_decompress_lzss    
0000dd9a  __TI_decompress_none    
0000cf28  __TI_frcaddd            
0000c000  __TI_frcdivd            
0000ca34  __TI_frcmpyd            
0000ffe0  __TI_int00              
0000ffe4  __TI_int02              
0000ffe6  __TI_int03              
0000ffea  __TI_int05              
0000ffec  __TI_int06              
0000ffee  __TI_int07              
0000fff0  __TI_int08              
0000fff2  __TI_int09              
0000fff4  __TI_int10              
0000fff6  __TI_int11              
0000fff8  __TI_int12              
0000fffa  __TI_int13              
0000fffc  __TI_int14              
ffffffff  __TI_pprof_out_hndl     
ffffffff  __TI_prof_data_size     
ffffffff  __TI_prof_data_start    
0000d636  __TI_renormd            
0000dd3a  __TI_zero_init          
ffffffff  __c_args__              
0000c480  __mspabi_addd           
0000d3c0  __mspabi_cmpd           
0000d6f4  __mspabi_cvtdf          
0000d8fa  __mspabi_cvtfd          
0000d188  __mspabi_divd           
0000dd88  __mspabi_fixdu          
0000d886  __mspabi_fixdul         
0000db28  __mspabi_fixfu          
0000da90  __mspabi_fixful         
0000de08  __mspabi_fltud          
0000dcc4  __mspabi_fltuf          
0000d780  __mspabi_fltuld         
0000ddfc  __mspabi_func_epilog_1  
0000ddfa  __mspabi_func_epilog_2  
0000ddf8  __mspabi_func_epilog_3  
0000ddf6  __mspabi_func_epilog_4  
0000ddf4  __mspabi_func_epilog_5  
0000ddf2  __mspabi_func_epilog_6  
0000ddf0  __mspabi_func_epilog_7  
0000ccba  __mspabi_mpyd           
0000d572  __mspabi_mpyf           
0000dd62  __mspabi_mpyi           
0000dd62  __mspabi_mpyi_sw        
0000dc9e  __mspabi_mpyl           
0000dc9e  __mspabi_mpyl_sw        
0000dc72  __mspabi_slli           
0000dc9a  __mspabi_slli_1         
0000dc88  __mspabi_slli_10        
0000dc86  __mspabi_slli_11        
0000dc84  __mspabi_slli_12        
0000dc82  __mspabi_slli_13        
0000dc80  __mspabi_slli_14        
0000dc7e  __mspabi_slli_15        
0000dc98  __mspabi_slli_2         
0000dc96  __mspabi_slli_3         
0000dc94  __mspabi_slli_4         
0000dc92  __mspabi_slli_5         
0000dc90  __mspabi_slli_6         
0000dc8e  __mspabi_slli_7         
0000dc8c  __mspabi_slli_8         
0000dc8a  __mspabi_slli_9         
0000dde0  __mspabi_slll           
0000dbe4  __mspabi_slll_1         
0000dbc0  __mspabi_slll_10        
0000dbbc  __mspabi_slll_11        
0000dbb8  __mspabi_slll_12        
0000dbb4  __mspabi_slll_13        
0000dbb0  __mspabi_slll_14        
0000dbac  __mspabi_slll_15        
0000dbe0  __mspabi_slll_2         
0000dbdc  __mspabi_slll_3         
0000dbd8  __mspabi_slll_4         
0000dbd4  __mspabi_slll_5         
0000dbd0  __mspabi_slll_6         
0000dbcc  __mspabi_slll_7         
0000dbc8  __mspabi_slll_8         
0000dbc4  __mspabi_slll_9         
0000dc46  __mspabi_srai           
0000dc6e  __mspabi_srai_1         
0000dc5c  __mspabi_srai_10        
0000dc5a  __mspabi_srai_11        
0000dc58  __mspabi_srai_12        
0000dc56  __mspabi_srai_13        
0000dc54  __mspabi_srai_14        
0000dc52  __mspabi_srai_15        
0000dc6c  __mspabi_srai_2         
0000dc6a  __mspabi_srai_3         
0000dc68  __mspabi_srai_4         
0000dc66  __mspabi_srai_5         
0000dc64  __mspabi_srai_6         
0000dc62  __mspabi_srai_7         
0000dc60  __mspabi_srai_8         
0000dc5e  __mspabi_srai_9         
0000ddd0  __mspabi_sral           
0000dba6  __mspabi_sral_1         
0000db82  __mspabi_sral_10        
0000db7e  __mspabi_sral_11        
0000db7a  __mspabi_sral_12        
0000db76  __mspabi_sral_13        
0000db72  __mspabi_sral_14        
0000db6e  __mspabi_sral_15        
0000dba2  __mspabi_sral_2         
0000db9e  __mspabi_sral_3         
0000db9a  __mspabi_sral_4         
0000db96  __mspabi_sral_5         
0000db92  __mspabi_sral_6         
0000db8e  __mspabi_sral_7         
0000db8a  __mspabi_sral_8         
0000db86  __mspabi_sral_9         
0000dadc  __mspabi_srli           
0000db22  __mspabi_srli_1         
0000dafe  __mspabi_srli_10        
0000dafa  __mspabi_srli_11        
0000daf6  __mspabi_srli_12        
0000daf2  __mspabi_srli_13        
0000daee  __mspabi_srli_14        
0000daea  __mspabi_srli_15        
0000db1e  __mspabi_srli_2         
0000db1a  __mspabi_srli_3         
0000db16  __mspabi_srli_4         
0000db12  __mspabi_srli_5         
0000db0e  __mspabi_srli_6         
0000db0a  __mspabi_srli_7         
0000db06  __mspabi_srli_8         
0000db02  __mspabi_srli_9         
0000ddac  __mspabi_srll           
0000da2e  __mspabi_srll_1         
0000d9f8  __mspabi_srll_10        
0000d9f2  __mspabi_srll_11        
0000d9ec  __mspabi_srll_12        
0000d9e6  __mspabi_srll_13        
0000d9e0  __mspabi_srll_14        
0000d9da  __mspabi_srll_15        
0000da28  __mspabi_srll_2         
0000da22  __mspabi_srll_3         
0000da1c  __mspabi_srll_4         
0000da16  __mspabi_srll_5         
0000da10  __mspabi_srll_6         
0000da0a  __mspabi_srll_7         
0000da04  __mspabi_srll_8         
0000d9fe  __mspabi_srll_9         
0000dbea  __mspabi_subd           
0000d96c  _auto_init              
0000dd08  _c_int00_noargs_noexit  
0000fffe  _reset_vector           
000003b0  _stack                  
0000de18  _system_post_cinit      
0000de14  _system_pre_init        
0000de0e  abort                   
00000208  aux                     
0000da36  copy_in                 
0000020c  degrau                  
00000204  duty_cicle              
00000200  est                     
00000202  freq                    
0000dc18  ini_P1_P2               
0000d49c  ini_TimerA0_PWM         
0000dd4e  ini_TimerA1             
0000dd22  main                    
0000ddbe  memcpy                  
0000dce8  uCon                    


GLOBAL SYMBOLS: SORTED BY Symbol Address 

address   name                    
-------   ----                    
00000000  IE1                     
00000001  IE2                     
00000002  IFG1                    
00000003  IFG2                    
00000010  P3REN                   
00000018  P3IN                    
00000019  P3OUT                   
0000001a  P3DIR                   
0000001b  P3SEL                   
00000020  P1IN                    
00000021  P1OUT                   
00000022  P1DIR                   
00000023  P1IFG                   
00000024  P1IES                   
00000025  P1IE                    
00000026  P1SEL                   
00000027  P1REN                   
00000028  P2IN                    
00000029  P2OUT                   
0000002a  P2DIR                   
0000002b  P2IFG                   
0000002c  P2IES                   
0000002d  P2IE                    
0000002e  P2SEL                   
0000002f  P2REN                   
00000041  P1SEL2                  
00000042  P2SEL2                  
00000043  P3SEL2                  
00000048  ADC10DTC0               
00000049  ADC10DTC1               
0000004a  ADC10AE0                
00000050  __STACK_SIZE            
00000053  BCSCTL3                 
00000056  DCOCTL                  
00000057  BCSCTL1                 
00000058  BCSCTL2                 
00000059  CACTL1                  
0000005a  CACTL2                  
0000005b  CAPD                    
0000005d  UCA0ABCTL               
0000005e  UCA0IRTCTL              
0000005f  UCA0IRRCTL              
00000060  UCA0CTL0                
00000061  UCA0CTL1                
00000062  UCA0BR0                 
00000063  UCA0BR1                 
00000064  UCA0MCTL                
00000065  UCA0STAT                
00000066  UCA0RXBUF               
00000067  UCA0TXBUF               
00000068  UCB0CTL0                
00000069  UCB0CTL1                
0000006a  UCB0BR0                 
0000006b  UCB0BR1                 
0000006c  UCB0I2CIE               
0000006d  UCB0STAT                
0000006e  UCB0RXBUF               
0000006f  UCB0TXBUF               
00000118  UCB0I2COA               
0000011a  UCB0I2CSA               
0000011e  TA1IV                   
00000120  WDTCTL                  
00000128  FCTL1                   
0000012a  FCTL2                   
0000012c  FCTL3                   
0000012e  TA0IV                   
00000160  TA0CTL                  
00000162  TA0CCTL0                
00000164  TA0CCTL1                
00000166  TA0CCTL2                
00000170  TA0R                    
00000172  TA0CCR0                 
00000174  TA0CCR1                 
00000176  TA0CCR2                 
00000180  TA1CTL                  
00000182  TA1CCTL0                
00000184  TA1CCTL1                
00000186  TA1CCTL2                
00000190  TA1R                    
00000192  TA1CCR0                 
00000194  TA1CCR1                 
00000196  TA1CCR2                 
000001b0  ADC10CTL0               
000001b2  ADC10CTL1               
000001b4  ADC10MEM                
000001bc  ADC10SA                 
00000200  est                     
00000202  freq                    
00000204  duty_cicle              
00000208  aux                     
0000020c  degrau                  
000003b0  _stack                  
00000400  __STACK_END             
000010c0  TLV_CHECKSUM            
000010da  TLV_ADC10_1_TAG         
000010db  TLV_ADC10_1_LEN         
000010f6  TLV_DCO_30_TAG          
000010f7  TLV_DCO_30_LEN          
000010f8  CALDCO_16MHZ            
000010f9  CALBC1_16MHZ            
000010fa  CALDCO_12MHZ            
000010fb  CALBC1_12MHZ            
000010fc  CALDCO_8MHZ             
000010fd  CALBC1_8MHZ             
000010fe  CALDCO_1MHZ             
000010ff  CALBC1_1MHZ             
0000c000  __TI_frcdivd            
0000c480  __mspabi_addd           
0000c768  RTI_Timer01_Mod0        
0000ca34  __TI_frcmpyd            
0000ccba  __mspabi_mpyd           
0000cf28  __TI_frcaddd            
0000d188  __mspabi_divd           
0000d3c0  __mspabi_cmpd           
0000d49c  ini_TimerA0_PWM         
0000d572  __mspabi_mpyf           
0000d636  __TI_renormd            
0000d6f4  __mspabi_cvtdf          
0000d780  __mspabi_fltuld         
0000d80a  __TI_decompress_lzss    
0000d886  __mspabi_fixdul         
0000d8fa  __mspabi_cvtfd          
0000d96c  _auto_init              
0000d9da  __mspabi_srll_15        
0000d9e0  __mspabi_srll_14        
0000d9e6  __mspabi_srll_13        
0000d9ec  __mspabi_srll_12        
0000d9f2  __mspabi_srll_11        
0000d9f8  __mspabi_srll_10        
0000d9fe  __mspabi_srll_9         
0000da04  __mspabi_srll_8         
0000da0a  __mspabi_srll_7         
0000da10  __mspabi_srll_6         
0000da16  __mspabi_srll_5         
0000da1c  __mspabi_srll_4         
0000da22  __mspabi_srll_3         
0000da28  __mspabi_srll_2         
0000da2e  __mspabi_srll_1         
0000da36  copy_in                 
0000da90  __mspabi_fixful         
0000dadc  __mspabi_srli           
0000daea  __mspabi_srli_15        
0000daee  __mspabi_srli_14        
0000daf2  __mspabi_srli_13        
0000daf6  __mspabi_srli_12        
0000dafa  __mspabi_srli_11        
0000dafe  __mspabi_srli_10        
0000db02  __mspabi_srli_9         
0000db06  __mspabi_srli_8         
0000db0a  __mspabi_srli_7         
0000db0e  __mspabi_srli_6         
0000db12  __mspabi_srli_5         
0000db16  __mspabi_srli_4         
0000db1a  __mspabi_srli_3         
0000db1e  __mspabi_srli_2         
0000db22  __mspabi_srli_1         
0000db28  __mspabi_fixfu          
0000db6e  __mspabi_sral_15        
0000db72  __mspabi_sral_14        
0000db76  __mspabi_sral_13        
0000db7a  __mspabi_sral_12        
0000db7e  __mspabi_sral_11        
0000db82  __mspabi_sral_10        
0000db86  __mspabi_sral_9         
0000db8a  __mspabi_sral_8         
0000db8e  __mspabi_sral_7         
0000db92  __mspabi_sral_6         
0000db96  __mspabi_sral_5         
0000db9a  __mspabi_sral_4         
0000db9e  __mspabi_sral_3         
0000dba2  __mspabi_sral_2         
0000dba6  __mspabi_sral_1         
0000dbac  __mspabi_slll_15        
0000dbb0  __mspabi_slll_14        
0000dbb4  __mspabi_slll_13        
0000dbb8  __mspabi_slll_12        
0000dbbc  __mspabi_slll_11        
0000dbc0  __mspabi_slll_10        
0000dbc4  __mspabi_slll_9         
0000dbc8  __mspabi_slll_8         
0000dbcc  __mspabi_slll_7         
0000dbd0  __mspabi_slll_6         
0000dbd4  __mspabi_slll_5         
0000dbd8  __mspabi_slll_4         
0000dbdc  __mspabi_slll_3         
0000dbe0  __mspabi_slll_2         
0000dbe4  __mspabi_slll_1         
0000dbea  __mspabi_subd           
0000dc18  ini_P1_P2               
0000dc46  __mspabi_srai           
0000dc52  __mspabi_srai_15        
0000dc54  __mspabi_srai_14        
0000dc56  __mspabi_srai_13        
0000dc58  __mspabi_srai_12        
0000dc5a  __mspabi_srai_11        
0000dc5c  __mspabi_srai_10        
0000dc5e  __mspabi_srai_9         
0000dc60  __mspabi_srai_8         
0000dc62  __mspabi_srai_7         
0000dc64  __mspabi_srai_6         
0000dc66  __mspabi_srai_5         
0000dc68  __mspabi_srai_4         
0000dc6a  __mspabi_srai_3         
0000dc6c  __mspabi_srai_2         
0000dc6e  __mspabi_srai_1         
0000dc72  __mspabi_slli           
0000dc7e  __mspabi_slli_15        
0000dc80  __mspabi_slli_14        
0000dc82  __mspabi_slli_13        
0000dc84  __mspabi_slli_12        
0000dc86  __mspabi_slli_11        
0000dc88  __mspabi_slli_10        
0000dc8a  __mspabi_slli_9         
0000dc8c  __mspabi_slli_8         
0000dc8e  __mspabi_slli_7         
0000dc90  __mspabi_slli_6         
0000dc92  __mspabi_slli_5         
0000dc94  __mspabi_slli_4         
0000dc96  __mspabi_slli_3         
0000dc98  __mspabi_slli_2         
0000dc9a  __mspabi_slli_1         
0000dc9e  __mspabi_mpyl           
0000dc9e  __mspabi_mpyl_sw        
0000dcc4  __mspabi_fltuf          
0000dce8  uCon                    
0000dd08  _c_int00_noargs_noexit  
0000dd22  main                    
0000dd3a  __TI_zero_init          
0000dd4e  ini_TimerA1             
0000dd62  __mspabi_mpyi           
0000dd62  __mspabi_mpyi_sw        
0000dd76  RTI_P1                  
0000dd88  __mspabi_fixdu          
0000dd9a  __TI_decompress_none    
0000ddac  __mspabi_srll           
0000ddbe  memcpy                  
0000ddd0  __mspabi_sral           
0000dde0  __mspabi_slll           
0000ddf0  __mspabi_func_epilog_7  
0000ddf2  __mspabi_func_epilog_6  
0000ddf4  __mspabi_func_epilog_5  
0000ddf6  __mspabi_func_epilog_4  
0000ddf8  __mspabi_func_epilog_3  
0000ddfa  __mspabi_func_epilog_2  
0000ddfc  __mspabi_func_epilog_1  
0000de00  __TI_ISR_TRAP           
0000de08  __mspabi_fltud          
0000de0e  C$$EXIT                 
0000de0e  abort                   
0000de14  _system_pre_init        
0000de18  _system_post_cinit      
0000de26  __TI_Handler_Table_Base 
0000de2c  __TI_Handler_Table_Limit
0000de30  __TI_CINIT_Base         
0000de38  __TI_CINIT_Limit        
0000ffe0  __TI_int00              
0000ffe4  __TI_int02              
0000ffe6  __TI_int03              
0000ffea  __TI_int05              
0000ffec  __TI_int06              
0000ffee  __TI_int07              
0000fff0  __TI_int08              
0000fff2  __TI_int09              
0000fff4  __TI_int10              
0000fff6  __TI_int11              
0000fff8  __TI_int12              
0000fffa  __TI_int13              
0000fffc  __TI_int14              
0000fffe  _reset_vector           
ffffffff  __TI_pprof_out_hndl     
ffffffff  __TI_prof_data_size     
ffffffff  __TI_prof_data_start    
ffffffff  __c_args__              
UNDEFED   __TI_BINIT_Base         
UNDEFED   __TI_BINIT_Limit        
UNDEFED   __TI_INITARRAY_Base     
UNDEFED   __TI_INITARRAY_Limit    

[277 symbols]
