EN pisca_led NULL D:/Projetos_ISE/PiscaLED/pisca_led.vhd sub00/vhpl00 1510240823
EN ff_d NULL D:/Projetos_ISE/PiscaLED/pisca_led.vhd sub00/vhpl02 1510090336
AR pisca_led arq D:/Projetos_ISE/PiscaLED/pisca_led.vhd sub00/vhpl01 1510240824
AR ff_d arq D:/Projetos_ISE/PiscaLED/pisca_led.vhd sub00/vhpl03 1510090337
