V3 3
FL D:/Projetos_ISE/Atividade01_Execicio02/multiplicador_2bits.vhd 2017/09/19.22:07:29 P.20131013
EN work/mlt_2bits 1505869656 \
      FL D:/Projetos_ISE/Atividade01_Execicio02/multiplicador_2bits.vhd \
      PB ieee/std_logic_1164 1381692176 PB ieee/NUMERIC_STD 1381692181
AR work/mlt_2bits/arq 1505869657 \
      FL D:/Projetos_ISE/Atividade01_Execicio02/multiplicador_2bits.vhd \
      EN work/mlt_2bits 1505869656
