V3 3
FL D:/Projetos_ISE/Atividade01_Exercicio01/less_than.vhd 2017/09/19.21:23:05 P.20131013
EN work/LT_2bits 1505867314 \
      FL D:/Projetos_ISE/Atividade01_Exercicio01/less_than.vhd \
      PB ieee/std_logic_1164 1381692176 PB ieee/NUMERIC_STD 1381692181
AR work/LT_2bits/arq 1505867315 \
      FL D:/Projetos_ISE/Atividade01_Exercicio01/less_than.vhd EN work/LT_2bits 1505867314
