EN cmp_xor NULL D:/Projetos_ISE/Comparador_XOR/comp_xor.vhd sub00/vhpl00 1505251332
AR cmp_xor arq D:/Projetos_ISE/Comparador_XOR/comp_xor.vhd sub00/vhpl01 1505251333
EN cmp_xnor NULL D:/Projetos_ISE/Comparador_XOR/comp_xor.vhd sub00/vhpl02 1505253958
AR cmp_xnor arq D:/Projetos_ISE/Comparador_XOR/comp_xor.vhd sub00/vhpl03 1505253959
